Archive member included because of file (symbol)

/usr/local/gcc-arm-none-eabi-4_9-2015q3/bin/../lib/gcc/arm-none-eabi/4.9.3/../../../../arm-none-eabi/lib/armv7e-m/libg_nano.a(lib_a-errno.o)
                              ./system/src/newlib/_sbrk.o (__errno)
/usr/local/gcc-arm-none-eabi-4_9-2015q3/bin/../lib/gcc/arm-none-eabi/4.9.3/../../../../arm-none-eabi/lib/armv7e-m/libg_nano.a(lib_a-impure.o)
                              /usr/local/gcc-arm-none-eabi-4_9-2015q3/bin/../lib/gcc/arm-none-eabi/4.9.3/../../../../arm-none-eabi/lib/armv7e-m/libg_nano.a(lib_a-errno.o) (_impure_ptr)
/usr/local/gcc-arm-none-eabi-4_9-2015q3/bin/../lib/gcc/arm-none-eabi/4.9.3/../../../../arm-none-eabi/lib/armv7e-m/libg_nano.a(lib_a-strlen.o)
                              ./system/src/diag/Trace.o (strlen)
/usr/local/gcc-arm-none-eabi-4_9-2015q3/bin/../lib/gcc/arm-none-eabi/4.9.3/../../../../arm-none-eabi/lib/armv7e-m/libg_nano.a(lib_a-vsnprintf.o)
                              ./system/src/diag/Trace.o (vsnprintf)
/usr/local/gcc-arm-none-eabi-4_9-2015q3/bin/../lib/gcc/arm-none-eabi/4.9.3/../../../../arm-none-eabi/lib/armv7e-m/libg_nano.a(lib_a-nano-svfprintf.o)
                              /usr/local/gcc-arm-none-eabi-4_9-2015q3/bin/../lib/gcc/arm-none-eabi/4.9.3/../../../../arm-none-eabi/lib/armv7e-m/libg_nano.a(lib_a-vsnprintf.o) (_svfprintf_r)
/usr/local/gcc-arm-none-eabi-4_9-2015q3/bin/../lib/gcc/arm-none-eabi/4.9.3/../../../../arm-none-eabi/lib/armv7e-m/libg_nano.a(lib_a-nano-vfprintf_i.o)
                              /usr/local/gcc-arm-none-eabi-4_9-2015q3/bin/../lib/gcc/arm-none-eabi/4.9.3/../../../../arm-none-eabi/lib/armv7e-m/libg_nano.a(lib_a-nano-svfprintf.o) (_printf_i)
/usr/local/gcc-arm-none-eabi-4_9-2015q3/bin/../lib/gcc/arm-none-eabi/4.9.3/../../../../arm-none-eabi/lib/armv7e-m/libg_nano.a(lib_a-memchr.o)
                              /usr/local/gcc-arm-none-eabi-4_9-2015q3/bin/../lib/gcc/arm-none-eabi/4.9.3/../../../../arm-none-eabi/lib/armv7e-m/libg_nano.a(lib_a-nano-svfprintf.o) (memchr)
/usr/local/gcc-arm-none-eabi-4_9-2015q3/bin/../lib/gcc/arm-none-eabi/4.9.3/../../../../arm-none-eabi/lib/armv7e-m/libg_nano.a(lib_a-memcpy.o)
                              /usr/local/gcc-arm-none-eabi-4_9-2015q3/bin/../lib/gcc/arm-none-eabi/4.9.3/../../../../arm-none-eabi/lib/armv7e-m/libg_nano.a(lib_a-nano-svfprintf.o) (memcpy)
/usr/local/gcc-arm-none-eabi-4_9-2015q3/bin/../lib/gcc/arm-none-eabi/4.9.3/../../../../arm-none-eabi/lib/armv7e-m/libg_nano.a(lib_a-memmove.o)
                              /usr/local/gcc-arm-none-eabi-4_9-2015q3/bin/../lib/gcc/arm-none-eabi/4.9.3/../../../../arm-none-eabi/lib/armv7e-m/libg_nano.a(lib_a-nano-svfprintf.o) (memmove)
/usr/local/gcc-arm-none-eabi-4_9-2015q3/bin/../lib/gcc/arm-none-eabi/4.9.3/../../../../arm-none-eabi/lib/armv7e-m/libg_nano.a(lib_a-nano-freer.o)
                              /usr/local/gcc-arm-none-eabi-4_9-2015q3/bin/../lib/gcc/arm-none-eabi/4.9.3/../../../../arm-none-eabi/lib/armv7e-m/libg_nano.a(lib_a-nano-svfprintf.o) (_free_r)
/usr/local/gcc-arm-none-eabi-4_9-2015q3/bin/../lib/gcc/arm-none-eabi/4.9.3/../../../../arm-none-eabi/lib/armv7e-m/libg_nano.a(lib_a-nano-mallocr.o)
                              /usr/local/gcc-arm-none-eabi-4_9-2015q3/bin/../lib/gcc/arm-none-eabi/4.9.3/../../../../arm-none-eabi/lib/armv7e-m/libg_nano.a(lib_a-nano-svfprintf.o) (_malloc_r)
/usr/local/gcc-arm-none-eabi-4_9-2015q3/bin/../lib/gcc/arm-none-eabi/4.9.3/../../../../arm-none-eabi/lib/armv7e-m/libg_nano.a(lib_a-nano-reallocr.o)
                              /usr/local/gcc-arm-none-eabi-4_9-2015q3/bin/../lib/gcc/arm-none-eabi/4.9.3/../../../../arm-none-eabi/lib/armv7e-m/libg_nano.a(lib_a-nano-svfprintf.o) (_realloc_r)
/usr/local/gcc-arm-none-eabi-4_9-2015q3/bin/../lib/gcc/arm-none-eabi/4.9.3/../../../../arm-none-eabi/lib/armv7e-m/libg_nano.a(lib_a-sbrkr.o)
                              /usr/local/gcc-arm-none-eabi-4_9-2015q3/bin/../lib/gcc/arm-none-eabi/4.9.3/../../../../arm-none-eabi/lib/armv7e-m/libg_nano.a(lib_a-nano-mallocr.o) (_sbrk_r)
/usr/local/gcc-arm-none-eabi-4_9-2015q3/bin/../lib/gcc/arm-none-eabi/4.9.3/../../../../arm-none-eabi/lib/armv7e-m/libg_nano.a(lib_a-nano-msizer.o)
                              /usr/local/gcc-arm-none-eabi-4_9-2015q3/bin/../lib/gcc/arm-none-eabi/4.9.3/../../../../arm-none-eabi/lib/armv7e-m/libg_nano.a(lib_a-nano-reallocr.o) (_malloc_usable_size_r)

Allocating common symbols
Common symbol       size              file

errno               0x4               ./system/src/newlib/_syscalls.o

Discarded input sections

 .group         0x00000000        0x8 ./system/src/newlib/_cxx.o
 .group         0x00000000        0x8 ./system/src/newlib/_cxx.o
 .group         0x00000000        0x8 ./system/src/newlib/_cxx.o
 .group         0x00000000        0x8 ./system/src/newlib/_cxx.o
 .group         0x00000000        0x8 ./system/src/newlib/_cxx.o
 .group         0x00000000        0x8 ./system/src/newlib/_cxx.o
 .group         0x00000000        0x8 ./system/src/newlib/_cxx.o
 .group         0x00000000        0x8 ./system/src/newlib/_cxx.o
 .group         0x00000000        0x8 ./system/src/newlib/_cxx.o
 .group         0x00000000        0x8 ./system/src/newlib/_cxx.o
 .group         0x00000000        0x8 ./system/src/newlib/_cxx.o
 .group         0x00000000        0x8 ./system/src/newlib/_cxx.o
 .group         0x00000000        0x8 ./system/src/newlib/_cxx.o
 .group         0x00000000        0x8 ./system/src/newlib/_cxx.o
 .group         0x00000000        0x8 ./system/src/newlib/_cxx.o
 .group         0x00000000        0x8 ./system/src/newlib/_cxx.o
 .group         0x00000000        0x8 ./system/src/newlib/_cxx.o
 .group         0x00000000        0x8 ./system/src/newlib/_cxx.o
 .group         0x00000000        0x8 ./system/src/newlib/_cxx.o
 .group         0x00000000        0x8 ./system/src/newlib/_cxx.o
 .group         0x00000000        0x8 ./system/src/newlib/_cxx.o
 .group         0x00000000        0x8 ./system/src/newlib/_cxx.o
 .group         0x00000000        0x8 ./system/src/newlib/_cxx.o
 .group         0x00000000        0x8 ./system/src/newlib/_cxx.o
 .group         0x00000000        0x8 ./system/src/newlib/_cxx.o
 .group         0x00000000        0x8 ./system/src/newlib/_cxx.o
 .text          0x00000000        0x0 ./system/src/newlib/_cxx.o
 .data          0x00000000        0x0 ./system/src/newlib/_cxx.o
 .bss           0x00000000        0x0 ./system/src/newlib/_cxx.o
 .text._ZN9__gnu_cxx27__verbose_terminate_handlerEv
                0x00000000       0x10 ./system/src/newlib/_cxx.o
 .text.__cxa_pure_virtual
                0x00000000       0x10 ./system/src/newlib/_cxx.o
 .rodata._ZZ18__cxa_pure_virtualE8__func__
                0x00000000       0x13 ./system/src/newlib/_cxx.o
 .rodata._ZZN9__gnu_cxx27__verbose_terminate_handlerEvE8__func__
                0x00000000       0x1c ./system/src/newlib/_cxx.o
 .debug_info    0x00000000      0x5c8 ./system/src/newlib/_cxx.o
 .debug_abbrev  0x00000000      0x1b3 ./system/src/newlib/_cxx.o
 .debug_aranges
                0x00000000       0x28 ./system/src/newlib/_cxx.o
 .debug_ranges  0x00000000       0x18 ./system/src/newlib/_cxx.o
 .debug_macro   0x00000000      0x164 ./system/src/newlib/_cxx.o
 .debug_macro   0x00000000      0x8da ./system/src/newlib/_cxx.o
 .debug_macro   0x00000000       0xef ./system/src/newlib/_cxx.o
 .debug_macro   0x00000000      0x337 ./system/src/newlib/_cxx.o
 .debug_macro   0x00000000       0x58 ./system/src/newlib/_cxx.o
 .debug_macro   0x00000000       0x22 ./system/src/newlib/_cxx.o
 .debug_macro   0x00000000       0x35 ./system/src/newlib/_cxx.o
 .debug_macro   0x00000000       0x9c ./system/src/newlib/_cxx.o
 .debug_macro   0x00000000       0x16 ./system/src/newlib/_cxx.o
 .debug_macro   0x00000000      0x10e ./system/src/newlib/_cxx.o
 .debug_macro   0x00000000       0x8d ./system/src/newlib/_cxx.o
 .debug_macro   0x00000000       0x4a ./system/src/newlib/_cxx.o
 .debug_macro   0x00000000       0x52 ./system/src/newlib/_cxx.o
 .debug_macro   0x00000000       0x16 ./system/src/newlib/_cxx.o
 .debug_macro   0x00000000       0x43 ./system/src/newlib/_cxx.o
 .debug_macro   0x00000000      0x180 ./system/src/newlib/_cxx.o
 .debug_macro   0x00000000      0x2a4 ./system/src/newlib/_cxx.o
 .debug_macro   0x00000000       0x16 ./system/src/newlib/_cxx.o
 .debug_macro   0x00000000       0x29 ./system/src/newlib/_cxx.o
 .debug_macro   0x00000000       0xac ./system/src/newlib/_cxx.o
 .debug_macro   0x00000000       0x10 ./system/src/newlib/_cxx.o
 .debug_macro   0x00000000       0x22 ./system/src/newlib/_cxx.o
 .debug_macro   0x00000000       0x22 ./system/src/newlib/_cxx.o
 .debug_macro   0x00000000       0xbe ./system/src/newlib/_cxx.o
 .debug_macro   0x00000000       0x16 ./system/src/newlib/_cxx.o
 .debug_macro   0x00000000       0x35 ./system/src/newlib/_cxx.o
 .debug_macro   0x00000000      0x4f7 ./system/src/newlib/_cxx.o
 .debug_line    0x00000000      0x37d ./system/src/newlib/_cxx.o
 .debug_str     0x00000000     0x7435 ./system/src/newlib/_cxx.o
 .comment       0x00000000       0x71 ./system/src/newlib/_cxx.o
 .debug_frame   0x00000000       0x40 ./system/src/newlib/_cxx.o
 .ARM.attributes
                0x00000000       0x33 ./system/src/newlib/_cxx.o
 .group         0x00000000        0x8 ./system/src/newlib/_exit.o
 .group         0x00000000        0x8 ./system/src/newlib/_exit.o
 .group         0x00000000        0x8 ./system/src/newlib/_exit.o
 .group         0x00000000        0x8 ./system/src/newlib/_exit.o
 .group         0x00000000        0x8 ./system/src/newlib/_exit.o
 .group         0x00000000        0x8 ./system/src/newlib/_exit.o
 .group         0x00000000        0x8 ./system/src/newlib/_exit.o
 .group         0x00000000        0x8 ./system/src/newlib/_exit.o
 .group         0x00000000        0x8 ./system/src/newlib/_exit.o
 .group         0x00000000        0x8 ./system/src/newlib/_exit.o
 .group         0x00000000        0x8 ./system/src/newlib/_exit.o
 .group         0x00000000        0x8 ./system/src/newlib/_exit.o
 .group         0x00000000        0x8 ./system/src/newlib/_exit.o
 .group         0x00000000        0x8 ./system/src/newlib/_exit.o
 .group         0x00000000        0x8 ./system/src/newlib/_exit.o
 .group         0x00000000        0x8 ./system/src/newlib/_exit.o
 .group         0x00000000        0x8 ./system/src/newlib/_exit.o
 .group         0x00000000        0x8 ./system/src/newlib/_exit.o
 .group         0x00000000        0x8 ./system/src/newlib/_exit.o
 .group         0x00000000        0x8 ./system/src/newlib/_exit.o
 .group         0x00000000        0x8 ./system/src/newlib/_exit.o
 .group         0x00000000        0x8 ./system/src/newlib/_exit.o
 .group         0x00000000        0x8 ./system/src/newlib/_exit.o
 .text          0x00000000        0x0 ./system/src/newlib/_exit.o
 .data          0x00000000        0x0 ./system/src/newlib/_exit.o
 .bss           0x00000000        0x0 ./system/src/newlib/_exit.o
 .text.abort    0x00000000       0x14 ./system/src/newlib/_exit.o
 .rodata.str1.4
                0x00000000       0x14 ./system/src/newlib/_exit.o
 .debug_macro   0x00000000       0x58 ./system/src/newlib/_exit.o
 .debug_macro   0x00000000       0x22 ./system/src/newlib/_exit.o
 .debug_macro   0x00000000       0x35 ./system/src/newlib/_exit.o
 .debug_macro   0x00000000       0x16 ./system/src/newlib/_exit.o
 .debug_macro   0x00000000       0x4a ./system/src/newlib/_exit.o
 .debug_macro   0x00000000       0x52 ./system/src/newlib/_exit.o
 .debug_macro   0x00000000       0x16 ./system/src/newlib/_exit.o
 .debug_macro   0x00000000      0x180 ./system/src/newlib/_exit.o
 .debug_macro   0x00000000       0x16 ./system/src/newlib/_exit.o
 .debug_macro   0x00000000       0x29 ./system/src/newlib/_exit.o
 .debug_macro   0x00000000       0x16 ./system/src/newlib/_exit.o
 .debug_macro   0x00000000       0x10 ./system/src/newlib/_exit.o
 .debug_macro   0x00000000       0x22 ./system/src/newlib/_exit.o
 .debug_macro   0x00000000       0x22 ./system/src/newlib/_exit.o
 .debug_macro   0x00000000       0xbe ./system/src/newlib/_exit.o
 .debug_macro   0x00000000      0x4f7 ./system/src/newlib/_exit.o
 .group         0x00000000        0x8 ./system/src/newlib/_sbrk.o
 .group         0x00000000        0x8 ./system/src/newlib/_sbrk.o
 .group         0x00000000        0x8 ./system/src/newlib/_sbrk.o
 .group         0x00000000        0x8 ./system/src/newlib/_sbrk.o
 .group         0x00000000        0x8 ./system/src/newlib/_sbrk.o
 .group         0x00000000        0x8 ./system/src/newlib/_sbrk.o
 .group         0x00000000        0x8 ./system/src/newlib/_sbrk.o
 .group         0x00000000        0x8 ./system/src/newlib/_sbrk.o
 .group         0x00000000        0x8 ./system/src/newlib/_sbrk.o
 .group         0x00000000        0x8 ./system/src/newlib/_sbrk.o
 .group         0x00000000        0x8 ./system/src/newlib/_sbrk.o
 .group         0x00000000        0x8 ./system/src/newlib/_sbrk.o
 .group         0x00000000        0x8 ./system/src/newlib/_sbrk.o
 .group         0x00000000        0x8 ./system/src/newlib/_sbrk.o
 .group         0x00000000        0x8 ./system/src/newlib/_sbrk.o
 .group         0x00000000        0x8 ./system/src/newlib/_sbrk.o
 .group         0x00000000        0x8 ./system/src/newlib/_sbrk.o
 .text          0x00000000        0x0 ./system/src/newlib/_sbrk.o
 .data          0x00000000        0x0 ./system/src/newlib/_sbrk.o
 .bss           0x00000000        0x0 ./system/src/newlib/_sbrk.o
 .debug_macro   0x00000000      0x87a ./system/src/newlib/_sbrk.o
 .debug_macro   0x00000000       0x58 ./system/src/newlib/_sbrk.o
 .debug_macro   0x00000000       0x22 ./system/src/newlib/_sbrk.o
 .debug_macro   0x00000000       0x35 ./system/src/newlib/_sbrk.o
 .debug_macro   0x00000000       0x9c ./system/src/newlib/_sbrk.o
 .debug_macro   0x00000000       0x4a ./system/src/newlib/_sbrk.o
 .debug_macro   0x00000000      0x27a ./system/src/newlib/_sbrk.o
 .debug_macro   0x00000000       0x52 ./system/src/newlib/_sbrk.o
 .debug_macro   0x00000000       0x16 ./system/src/newlib/_sbrk.o
 .debug_macro   0x00000000       0x43 ./system/src/newlib/_sbrk.o
 .debug_macro   0x00000000       0x22 ./system/src/newlib/_sbrk.o
 .debug_macro   0x00000000       0x22 ./system/src/newlib/_sbrk.o
 .debug_macro   0x00000000       0xbe ./system/src/newlib/_sbrk.o
 .debug_macro   0x00000000      0x180 ./system/src/newlib/_sbrk.o
 .group         0x00000000        0x8 ./system/src/newlib/_startup.o
 .group         0x00000000        0x8 ./system/src/newlib/_startup.o
 .group         0x00000000        0x8 ./system/src/newlib/_startup.o
 .group         0x00000000        0x8 ./system/src/newlib/_startup.o
 .group         0x00000000        0x8 ./system/src/newlib/_startup.o
 .group         0x00000000        0x8 ./system/src/newlib/_startup.o
 .group         0x00000000        0x8 ./system/src/newlib/_startup.o
 .group         0x00000000        0x8 ./system/src/newlib/_startup.o
 .group         0x00000000        0x8 ./system/src/newlib/_startup.o
 .group         0x00000000        0x8 ./system/src/newlib/_startup.o
 .group         0x00000000        0x8 ./system/src/newlib/_startup.o
 .group         0x00000000        0x8 ./system/src/newlib/_startup.o
 .group         0x00000000        0x8 ./system/src/newlib/_startup.o
 .group         0x00000000        0x8 ./system/src/newlib/_startup.o
 .group         0x00000000        0x8 ./system/src/newlib/_startup.o
 .text          0x00000000        0x0 ./system/src/newlib/_startup.o
 .data          0x00000000        0x0 ./system/src/newlib/_startup.o
 .bss           0x00000000        0x0 ./system/src/newlib/_startup.o
 .text.__initialize_data
                0x00000000       0x10 ./system/src/newlib/_startup.o
 .text.__initialize_bss
                0x00000000       0x10 ./system/src/newlib/_startup.o
 .text.__run_init_array
                0x00000000       0x48 ./system/src/newlib/_startup.o
 .text.__run_fini_array
                0x00000000       0x24 ./system/src/newlib/_startup.o
 .debug_macro   0x00000000      0x87a ./system/src/newlib/_startup.o
 .debug_macro   0x00000000       0x58 ./system/src/newlib/_startup.o
 .debug_macro   0x00000000       0x22 ./system/src/newlib/_startup.o
 .debug_macro   0x00000000       0x35 ./system/src/newlib/_startup.o
 .debug_macro   0x00000000       0x9c ./system/src/newlib/_startup.o
 .debug_macro   0x00000000       0x4a ./system/src/newlib/_startup.o
 .debug_macro   0x00000000      0x16d ./system/src/newlib/_startup.o
 .debug_macro   0x00000000      0x27a ./system/src/newlib/_startup.o
 .debug_macro   0x00000000       0x52 ./system/src/newlib/_startup.o
 .debug_macro   0x00000000       0x16 ./system/src/newlib/_startup.o
 .debug_macro   0x00000000       0x43 ./system/src/newlib/_startup.o
 .debug_macro   0x00000000       0x22 ./system/src/newlib/_startup.o
 .debug_macro   0x00000000       0x22 ./system/src/newlib/_startup.o
 .debug_macro   0x00000000       0xbe ./system/src/newlib/_startup.o
 .group         0x00000000        0x8 ./system/src/newlib/_syscalls.o
 .group         0x00000000        0x8 ./system/src/newlib/_syscalls.o
 .group         0x00000000        0x8 ./system/src/newlib/_syscalls.o
 .group         0x00000000        0x8 ./system/src/newlib/_syscalls.o
 .group         0x00000000        0x8 ./system/src/newlib/_syscalls.o
 .group         0x00000000        0x8 ./system/src/newlib/_syscalls.o
 .group         0x00000000        0x8 ./system/src/newlib/_syscalls.o
 .group         0x00000000        0x8 ./system/src/newlib/_syscalls.o
 .group         0x00000000        0x8 ./system/src/newlib/_syscalls.o
 .group         0x00000000        0x8 ./system/src/newlib/_syscalls.o
 .group         0x00000000        0x8 ./system/src/newlib/_syscalls.o
 .group         0x00000000        0x8 ./system/src/newlib/_syscalls.o
 .group         0x00000000        0x8 ./system/src/newlib/_syscalls.o
 .group         0x00000000        0x8 ./system/src/newlib/_syscalls.o
 .group         0x00000000        0x8 ./system/src/newlib/_syscalls.o
 .group         0x00000000        0x8 ./system/src/newlib/_syscalls.o
 .group         0x00000000        0x8 ./system/src/newlib/_syscalls.o
 .group         0x00000000        0x8 ./system/src/newlib/_syscalls.o
 .group         0x00000000        0x8 ./system/src/newlib/_syscalls.o
 .group         0x00000000        0x8 ./system/src/newlib/_syscalls.o
 .group         0x00000000        0x8 ./system/src/newlib/_syscalls.o
 .group         0x00000000        0x8 ./system/src/newlib/_syscalls.o
 .group         0x00000000        0x8 ./system/src/newlib/_syscalls.o
 .group         0x00000000        0x8 ./system/src/newlib/_syscalls.o
 .group         0x00000000        0x8 ./system/src/newlib/_syscalls.o
 .group         0x00000000        0x8 ./system/src/newlib/_syscalls.o
 .group         0x00000000        0x8 ./system/src/newlib/_syscalls.o
 .group         0x00000000        0x8 ./system/src/newlib/_syscalls.o
 .group         0x00000000        0x8 ./system/src/newlib/_syscalls.o
 .group         0x00000000        0x8 ./system/src/newlib/_syscalls.o
 .group         0x00000000        0x8 ./system/src/newlib/_syscalls.o
 .group         0x00000000        0x8 ./system/src/newlib/_syscalls.o
 .text          0x00000000        0x0 ./system/src/newlib/_syscalls.o
 .data          0x00000000        0x0 ./system/src/newlib/_syscalls.o
 .bss           0x00000000        0x0 ./system/src/newlib/_syscalls.o
 .text.raise    0x00000000       0x10 ./system/src/newlib/_syscalls.o
 .text.kill     0x00000000       0x10 ./system/src/newlib/_syscalls.o
 .debug_macro   0x00000000      0x87a ./system/src/newlib/_syscalls.o
 .debug_macro   0x00000000       0x58 ./system/src/newlib/_syscalls.o
 .debug_macro   0x00000000       0x22 ./system/src/newlib/_syscalls.o
 .debug_macro   0x00000000       0x35 ./system/src/newlib/_syscalls.o
 .debug_macro   0x00000000       0x9c ./system/src/newlib/_syscalls.o
 .debug_macro   0x00000000       0x10 ./system/src/newlib/_syscalls.o
 .debug_macro   0x00000000      0x16d ./system/src/newlib/_syscalls.o
 .debug_macro   0x00000000       0x4a ./system/src/newlib/_syscalls.o
 .debug_macro   0x00000000       0x52 ./system/src/newlib/_syscalls.o
 .debug_macro   0x00000000       0x16 ./system/src/newlib/_syscalls.o
 .debug_macro   0x00000000       0x43 ./system/src/newlib/_syscalls.o
 .debug_macro   0x00000000      0x180 ./system/src/newlib/_syscalls.o
 .debug_macro   0x00000000      0x23b ./system/src/newlib/_syscalls.o
 .debug_macro   0x00000000       0x35 ./system/src/newlib/_syscalls.o
 .debug_macro   0x00000000      0x27a ./system/src/newlib/_syscalls.o
 .debug_macro   0x00000000       0x10 ./system/src/newlib/_syscalls.o
 .debug_macro   0x00000000       0x22 ./system/src/newlib/_syscalls.o
 .debug_macro   0x00000000       0x22 ./system/src/newlib/_syscalls.o
 .debug_macro   0x00000000       0xbe ./system/src/newlib/_syscalls.o
 .group         0x00000000        0x8 ./system/src/newlib/assert.o
 .group         0x00000000        0x8 ./system/src/newlib/assert.o
 .group         0x00000000        0x8 ./system/src/newlib/assert.o
 .group         0x00000000        0x8 ./system/src/newlib/assert.o
 .group         0x00000000        0x8 ./system/src/newlib/assert.o
 .group         0x00000000        0x8 ./system/src/newlib/assert.o
 .group         0x00000000        0x8 ./system/src/newlib/assert.o
 .group         0x00000000        0x8 ./system/src/newlib/assert.o
 .group         0x00000000        0x8 ./system/src/newlib/assert.o
 .group         0x00000000        0x8 ./system/src/newlib/assert.o
 .group         0x00000000        0x8 ./system/src/newlib/assert.o
 .group         0x00000000        0x8 ./system/src/newlib/assert.o
 .group         0x00000000        0x8 ./system/src/newlib/assert.o
 .group         0x00000000        0x8 ./system/src/newlib/assert.o
 .group         0x00000000        0x8 ./system/src/newlib/assert.o
 .group         0x00000000        0x8 ./system/src/newlib/assert.o
 .group         0x00000000        0x8 ./system/src/newlib/assert.o
 .group         0x00000000        0x8 ./system/src/newlib/assert.o
 .group         0x00000000        0x8 ./system/src/newlib/assert.o
 .group         0x00000000        0x8 ./system/src/newlib/assert.o
 .group         0x00000000        0x8 ./system/src/newlib/assert.o
 .group         0x00000000        0x8 ./system/src/newlib/assert.o
 .group         0x00000000        0x8 ./system/src/newlib/assert.o
 .group         0x00000000        0x8 ./system/src/newlib/assert.o
 .group         0x00000000        0x8 ./system/src/newlib/assert.o
 .text          0x00000000        0x0 ./system/src/newlib/assert.o
 .data          0x00000000        0x0 ./system/src/newlib/assert.o
 .bss           0x00000000        0x0 ./system/src/newlib/assert.o
 .text.__assert_func
                0x00000000       0x38 ./system/src/newlib/assert.o
 .rodata.str1.4
                0x00000000       0x43 ./system/src/newlib/assert.o
 .debug_info    0x00000000      0x132 ./system/src/newlib/assert.o
 .debug_abbrev  0x00000000       0xbc ./system/src/newlib/assert.o
 .debug_loc     0x00000000       0x94 ./system/src/newlib/assert.o
 .debug_aranges
                0x00000000       0x20 ./system/src/newlib/assert.o
 .debug_ranges  0x00000000       0x10 ./system/src/newlib/assert.o
 .debug_macro   0x00000000      0x14d ./system/src/newlib/assert.o
 .debug_macro   0x00000000      0x87a ./system/src/newlib/assert.o
 .debug_macro   0x00000000       0x58 ./system/src/newlib/assert.o
 .debug_macro   0x00000000       0x22 ./system/src/newlib/assert.o
 .debug_macro   0x00000000       0x35 ./system/src/newlib/assert.o
 .debug_macro   0x00000000       0x9c ./system/src/newlib/assert.o
 .debug_macro   0x00000000       0x1c ./system/src/newlib/assert.o
 .debug_macro   0x00000000       0x16 ./system/src/newlib/assert.o
 .debug_macro   0x00000000      0x10e ./system/src/newlib/assert.o
 .debug_macro   0x00000000       0x86 ./system/src/newlib/assert.o
 .debug_macro   0x00000000       0x4a ./system/src/newlib/assert.o
 .debug_macro   0x00000000       0x52 ./system/src/newlib/assert.o
 .debug_macro   0x00000000       0x16 ./system/src/newlib/assert.o
 .debug_macro   0x00000000       0x43 ./system/src/newlib/assert.o
 .debug_macro   0x00000000      0x180 ./system/src/newlib/assert.o
 .debug_macro   0x00000000      0x27a ./system/src/newlib/assert.o
 .debug_macro   0x00000000       0x16 ./system/src/newlib/assert.o
 .debug_macro   0x00000000       0x29 ./system/src/newlib/assert.o
 .debug_macro   0x00000000      0x34e ./system/src/newlib/assert.o
 .debug_macro   0x00000000       0x16 ./system/src/newlib/assert.o
 .debug_macro   0x00000000       0x10 ./system/src/newlib/assert.o
 .debug_macro   0x00000000       0x22 ./system/src/newlib/assert.o
 .debug_macro   0x00000000       0x35 ./system/src/newlib/assert.o
 .debug_macro   0x00000000       0x22 ./system/src/newlib/assert.o
 .debug_macro   0x00000000       0xbe ./system/src/newlib/assert.o
 .debug_macro   0x00000000      0x4f7 ./system/src/newlib/assert.o
 .debug_line    0x00000000      0x2b0 ./system/src/newlib/assert.o
 .debug_str     0x00000000     0x6a84 ./system/src/newlib/assert.o
 .comment       0x00000000       0x71 ./system/src/newlib/assert.o
 .debug_frame   0x00000000       0x28 ./system/src/newlib/assert.o
 .ARM.attributes
                0x00000000       0x33 ./system/src/newlib/assert.o
 .group         0x00000000        0x8 ./system/src/diag/Trace.o
 .group         0x00000000        0x8 ./system/src/diag/Trace.o
 .group         0x00000000        0x8 ./system/src/diag/Trace.o
 .group         0x00000000        0x8 ./system/src/diag/Trace.o
 .group         0x00000000        0x8 ./system/src/diag/Trace.o
 .group         0x00000000        0x8 ./system/src/diag/Trace.o
 .group         0x00000000        0x8 ./system/src/diag/Trace.o
 .group         0x00000000        0x8 ./system/src/diag/Trace.o
 .group         0x00000000        0x8 ./system/src/diag/Trace.o
 .group         0x00000000        0x8 ./system/src/diag/Trace.o
 .group         0x00000000        0x8 ./system/src/diag/Trace.o
 .group         0x00000000        0x8 ./system/src/diag/Trace.o
 .group         0x00000000        0x8 ./system/src/diag/Trace.o
 .group         0x00000000        0x8 ./system/src/diag/Trace.o
 .group         0x00000000        0x8 ./system/src/diag/Trace.o
 .group         0x00000000        0x8 ./system/src/diag/Trace.o
 .group         0x00000000        0x8 ./system/src/diag/Trace.o
 .group         0x00000000        0x8 ./system/src/diag/Trace.o
 .group         0x00000000        0x8 ./system/src/diag/Trace.o
 .group         0x00000000        0x8 ./system/src/diag/Trace.o
 .group         0x00000000        0x8 ./system/src/diag/Trace.o
 .group         0x00000000        0x8 ./system/src/diag/Trace.o
 .group         0x00000000        0x8 ./system/src/diag/Trace.o
 .group         0x00000000        0x8 ./system/src/diag/Trace.o
 .group         0x00000000        0x8 ./system/src/diag/Trace.o
 .group         0x00000000        0x8 ./system/src/diag/Trace.o
 .text          0x00000000        0x0 ./system/src/diag/Trace.o
 .data          0x00000000        0x0 ./system/src/diag/Trace.o
 .bss           0x00000000        0x0 ./system/src/diag/Trace.o
 .text.trace_putchar
                0x00000000       0x1c ./system/src/diag/Trace.o
 .text.trace_dump_args
                0x00000000       0x44 ./system/src/diag/Trace.o
 .debug_macro   0x00000000      0x87a ./system/src/diag/Trace.o
 .debug_macro   0x00000000       0x58 ./system/src/diag/Trace.o
 .debug_macro   0x00000000       0x22 ./system/src/diag/Trace.o
 .debug_macro   0x00000000       0x35 ./system/src/diag/Trace.o
 .debug_macro   0x00000000       0x9c ./system/src/diag/Trace.o
 .debug_macro   0x00000000       0x4a ./system/src/diag/Trace.o
 .debug_macro   0x00000000      0x27a ./system/src/diag/Trace.o
 .debug_macro   0x00000000       0x52 ./system/src/diag/Trace.o
 .debug_macro   0x00000000       0x16 ./system/src/diag/Trace.o
 .debug_macro   0x00000000       0x43 ./system/src/diag/Trace.o
 .debug_macro   0x00000000      0x180 ./system/src/diag/Trace.o
 .debug_macro   0x00000000       0x10 ./system/src/diag/Trace.o
 .debug_macro   0x00000000       0x22 ./system/src/diag/Trace.o
 .debug_macro   0x00000000       0x22 ./system/src/diag/Trace.o
 .debug_macro   0x00000000       0xbe ./system/src/diag/Trace.o
 .debug_macro   0x00000000       0x16 ./system/src/diag/Trace.o
 .debug_macro   0x00000000       0x35 ./system/src/diag/Trace.o
 .debug_macro   0x00000000      0x4f7 ./system/src/diag/Trace.o
 .group         0x00000000        0x8 ./system/src/diag/trace_impl.o
 .group         0x00000000        0x8 ./system/src/diag/trace_impl.o
 .group         0x00000000        0x8 ./system/src/diag/trace_impl.o
 .group         0x00000000        0x8 ./system/src/diag/trace_impl.o
 .group         0x00000000        0x8 ./system/src/diag/trace_impl.o
 .group         0x00000000        0x8 ./system/src/diag/trace_impl.o
 .group         0x00000000        0x8 ./system/src/diag/trace_impl.o
 .group         0x00000000        0x8 ./system/src/diag/trace_impl.o
 .group         0x00000000        0x8 ./system/src/diag/trace_impl.o
 .group         0x00000000        0x8 ./system/src/diag/trace_impl.o
 .group         0x00000000        0x8 ./system/src/diag/trace_impl.o
 .group         0x00000000        0x8 ./system/src/diag/trace_impl.o
 .group         0x00000000        0x8 ./system/src/diag/trace_impl.o
 .group         0x00000000        0x8 ./system/src/diag/trace_impl.o
 .group         0x00000000        0x8 ./system/src/diag/trace_impl.o
 .group         0x00000000        0x8 ./system/src/diag/trace_impl.o
 .group         0x00000000        0x8 ./system/src/diag/trace_impl.o
 .group         0x00000000        0x8 ./system/src/diag/trace_impl.o
 .group         0x00000000        0x8 ./system/src/diag/trace_impl.o
 .group         0x00000000        0x8 ./system/src/diag/trace_impl.o
 .group         0x00000000        0x8 ./system/src/diag/trace_impl.o
 .group         0x00000000        0x8 ./system/src/diag/trace_impl.o
 .group         0x00000000        0x8 ./system/src/diag/trace_impl.o
 .text          0x00000000        0x0 ./system/src/diag/trace_impl.o
 .data          0x00000000        0x0 ./system/src/diag/trace_impl.o
 .bss           0x00000000        0x0 ./system/src/diag/trace_impl.o
 .text.trace_initialize
                0x00000000        0x4 ./system/src/diag/trace_impl.o
 .debug_macro   0x00000000      0x87a ./system/src/diag/trace_impl.o
 .debug_macro   0x00000000      0x34e ./system/src/diag/trace_impl.o
 .debug_macro   0x00000000       0x58 ./system/src/diag/trace_impl.o
 .debug_macro   0x00000000       0x22 ./system/src/diag/trace_impl.o
 .debug_macro   0x00000000       0x35 ./system/src/diag/trace_impl.o
 .debug_macro   0x00000000       0x9c ./system/src/diag/trace_impl.o
 .debug_macro   0x00000000       0x4a ./system/src/diag/trace_impl.o
 .debug_macro   0x00000000      0x27a ./system/src/diag/trace_impl.o
 .debug_macro   0x00000000       0x52 ./system/src/diag/trace_impl.o
 .debug_macro   0x00000000       0x16 ./system/src/diag/trace_impl.o
 .debug_macro   0x00000000       0x22 ./system/src/diag/trace_impl.o
 .debug_macro   0x00000000       0x22 ./system/src/diag/trace_impl.o
 .debug_macro   0x00000000       0xbe ./system/src/diag/trace_impl.o
 .debug_macro   0x00000000      0x4f7 ./system/src/diag/trace_impl.o
 .group         0x00000000        0x8 ./system/src/cortexm/_initialize_hardware.o
 .group         0x00000000        0x8 ./system/src/cortexm/_initialize_hardware.o
 .group         0x00000000        0x8 ./system/src/cortexm/_initialize_hardware.o
 .group         0x00000000        0x8 ./system/src/cortexm/_initialize_hardware.o
 .group         0x00000000        0x8 ./system/src/cortexm/_initialize_hardware.o
 .group         0x00000000        0x8 ./system/src/cortexm/_initialize_hardware.o
 .group         0x00000000        0x8 ./system/src/cortexm/_initialize_hardware.o
 .text          0x00000000        0x0 ./system/src/cortexm/_initialize_hardware.o
 .data          0x00000000        0x0 ./system/src/cortexm/_initialize_hardware.o
 .bss           0x00000000        0x0 ./system/src/cortexm/_initialize_hardware.o
 .debug_macro   0x00000000      0x87a ./system/src/cortexm/_initialize_hardware.o
 .debug_macro   0x00000000       0x2b ./system/src/cortexm/_initialize_hardware.o
 .debug_macro   0x00000000      0x34e ./system/src/cortexm/_initialize_hardware.o
 .debug_macro   0x00000000       0x35 ./system/src/cortexm/_initialize_hardware.o
 .debug_macro   0x00000000       0x50 ./system/src/cortexm/_initialize_hardware.o
 .debug_macro   0x00000000      0xbc6 ./system/src/cortexm/_initialize_hardware.o
 .debug_macro   0x00000000       0x43 ./system/src/cortexm/_initialize_hardware.o
 .group         0x00000000        0x8 ./system/src/cortexm/_reset_hardware.o
 .group         0x00000000        0x8 ./system/src/cortexm/_reset_hardware.o
 .group         0x00000000        0x8 ./system/src/cortexm/_reset_hardware.o
 .group         0x00000000        0x8 ./system/src/cortexm/_reset_hardware.o
 .group         0x00000000        0x8 ./system/src/cortexm/_reset_hardware.o
 .group         0x00000000        0x8 ./system/src/cortexm/_reset_hardware.o
 .group         0x00000000        0x8 ./system/src/cortexm/_reset_hardware.o
 .text          0x00000000        0x0 ./system/src/cortexm/_reset_hardware.o
 .data          0x00000000        0x0 ./system/src/cortexm/_reset_hardware.o
 .bss           0x00000000        0x0 ./system/src/cortexm/_reset_hardware.o
 .text.__reset_hardware
                0x00000000       0x24 ./system/src/cortexm/_reset_hardware.o
 .debug_info    0x00000000      0x2ae ./system/src/cortexm/_reset_hardware.o
 .debug_abbrev  0x00000000       0xea ./system/src/cortexm/_reset_hardware.o
 .debug_aranges
                0x00000000       0x20 ./system/src/cortexm/_reset_hardware.o
 .debug_ranges  0x00000000       0x10 ./system/src/cortexm/_reset_hardware.o
 .debug_macro   0x00000000       0x86 ./system/src/cortexm/_reset_hardware.o
 .debug_macro   0x00000000      0x87a ./system/src/cortexm/_reset_hardware.o
 .debug_macro   0x00000000       0x2b ./system/src/cortexm/_reset_hardware.o
 .debug_macro   0x00000000      0x34e ./system/src/cortexm/_reset_hardware.o
 .debug_macro   0x00000000       0x35 ./system/src/cortexm/_reset_hardware.o
 .debug_macro   0x00000000       0x50 ./system/src/cortexm/_reset_hardware.o
 .debug_macro   0x00000000      0xbc6 ./system/src/cortexm/_reset_hardware.o
 .debug_macro   0x00000000       0x43 ./system/src/cortexm/_reset_hardware.o
 .debug_line    0x00000000      0x16f ./system/src/cortexm/_reset_hardware.o
 .debug_str     0x00000000     0x792c ./system/src/cortexm/_reset_hardware.o
 .comment       0x00000000       0x71 ./system/src/cortexm/_reset_hardware.o
 .debug_frame   0x00000000       0x20 ./system/src/cortexm/_reset_hardware.o
 .ARM.attributes
                0x00000000       0x33 ./system/src/cortexm/_reset_hardware.o
 .group         0x00000000        0x8 ./system/src/cortexm/exception_handlers.o
 .group         0x00000000        0x8 ./system/src/cortexm/exception_handlers.o
 .group         0x00000000        0x8 ./system/src/cortexm/exception_handlers.o
 .group         0x00000000        0x8 ./system/src/cortexm/exception_handlers.o
 .group         0x00000000        0x8 ./system/src/cortexm/exception_handlers.o
 .group         0x00000000        0x8 ./system/src/cortexm/exception_handlers.o
 .group         0x00000000        0x8 ./system/src/cortexm/exception_handlers.o
 .group         0x00000000        0x8 ./system/src/cortexm/exception_handlers.o
 .group         0x00000000        0x8 ./system/src/cortexm/exception_handlers.o
 .group         0x00000000        0x8 ./system/src/cortexm/exception_handlers.o
 .group         0x00000000        0x8 ./system/src/cortexm/exception_handlers.o
 .group         0x00000000        0x8 ./system/src/cortexm/exception_handlers.o
 .group         0x00000000        0x8 ./system/src/cortexm/exception_handlers.o
 .group         0x00000000        0x8 ./system/src/cortexm/exception_handlers.o
 .group         0x00000000        0x8 ./system/src/cortexm/exception_handlers.o
 .group         0x00000000        0x8 ./system/src/cortexm/exception_handlers.o
 .group         0x00000000        0x8 ./system/src/cortexm/exception_handlers.o
 .group         0x00000000        0x8 ./system/src/cortexm/exception_handlers.o
 .group         0x00000000        0x8 ./system/src/cortexm/exception_handlers.o
 .group         0x00000000        0x8 ./system/src/cortexm/exception_handlers.o
 .group         0x00000000        0x8 ./system/src/cortexm/exception_handlers.o
 .group         0x00000000        0x8 ./system/src/cortexm/exception_handlers.o
 .group         0x00000000        0x8 ./system/src/cortexm/exception_handlers.o
 .group         0x00000000        0x8 ./system/src/cortexm/exception_handlers.o
 .group         0x00000000        0x8 ./system/src/cortexm/exception_handlers.o
 .group         0x00000000        0x8 ./system/src/cortexm/exception_handlers.o
 .group         0x00000000        0x8 ./system/src/cortexm/exception_handlers.o
 .text          0x00000000        0x0 ./system/src/cortexm/exception_handlers.o
 .data          0x00000000        0x0 ./system/src/cortexm/exception_handlers.o
 .bss           0x00000000        0x0 ./system/src/cortexm/exception_handlers.o
 .debug_macro   0x00000000      0x87a ./system/src/cortexm/exception_handlers.o
 .debug_macro   0x00000000      0x34e ./system/src/cortexm/exception_handlers.o
 .debug_macro   0x00000000       0x2b ./system/src/cortexm/exception_handlers.o
 .debug_macro   0x00000000       0x50 ./system/src/cortexm/exception_handlers.o
 .debug_macro   0x00000000      0xbc6 ./system/src/cortexm/exception_handlers.o
 .debug_macro   0x00000000       0x43 ./system/src/cortexm/exception_handlers.o
 .debug_macro   0x00000000       0x58 ./system/src/cortexm/exception_handlers.o
 .debug_macro   0x00000000       0x22 ./system/src/cortexm/exception_handlers.o
 .debug_macro   0x00000000       0x35 ./system/src/cortexm/exception_handlers.o
 .debug_macro   0x00000000       0x9c ./system/src/cortexm/exception_handlers.o
 .debug_macro   0x00000000       0x10 ./system/src/cortexm/exception_handlers.o
 .debug_macro   0x00000000       0x4a ./system/src/cortexm/exception_handlers.o
 .debug_macro   0x00000000       0xc8 ./system/src/cortexm/exception_handlers.o
 .debug_macro   0x00000000      0x27a ./system/src/cortexm/exception_handlers.o
 .debug_macro   0x00000000       0x52 ./system/src/cortexm/exception_handlers.o
 .debug_macro   0x00000000       0x16 ./system/src/cortexm/exception_handlers.o
 .debug_macro   0x00000000       0x19 ./system/src/cortexm/exception_handlers.o
 .debug_macro   0x00000000       0x22 ./system/src/cortexm/exception_handlers.o
 .debug_macro   0x00000000       0xbe ./system/src/cortexm/exception_handlers.o
 .debug_macro   0x00000000       0x22 ./system/src/cortexm/exception_handlers.o
 .debug_macro   0x00000000       0xbe ./system/src/cortexm/exception_handlers.o
 .debug_macro   0x00000000      0x4f7 ./system/src/cortexm/exception_handlers.o
 .debug_macro   0x00000000      0x180 ./system/src/cortexm/exception_handlers.o
 .debug_macro   0x00000000       0x35 ./system/src/cortexm/exception_handlers.o
 .group         0x00000000        0x8 ./system/src/cmsis/system_DEVICE.o
 .group         0x00000000        0x8 ./system/src/cmsis/system_DEVICE.o
 .group         0x00000000        0x8 ./system/src/cmsis/system_DEVICE.o
 .group         0x00000000        0x8 ./system/src/cmsis/system_DEVICE.o
 .group         0x00000000        0x8 ./system/src/cmsis/system_DEVICE.o
 .group         0x00000000        0x8 ./system/src/cmsis/system_DEVICE.o
 .group         0x00000000        0x8 ./system/src/cmsis/system_DEVICE.o
 .text          0x00000000        0x0 ./system/src/cmsis/system_DEVICE.o
 .data          0x00000000        0x0 ./system/src/cmsis/system_DEVICE.o
 .bss           0x00000000        0x0 ./system/src/cmsis/system_DEVICE.o
 .debug_macro   0x00000000      0x87a ./system/src/cmsis/system_DEVICE.o
 .debug_macro   0x00000000      0x34e ./system/src/cmsis/system_DEVICE.o
 .debug_macro   0x00000000       0x2b ./system/src/cmsis/system_DEVICE.o
 .debug_macro   0x00000000       0x3b ./system/src/cmsis/system_DEVICE.o
 .debug_macro   0x00000000       0x50 ./system/src/cmsis/system_DEVICE.o
 .debug_macro   0x00000000      0xbc6 ./system/src/cmsis/system_DEVICE.o
 .debug_macro   0x00000000       0x43 ./system/src/cmsis/system_DEVICE.o
 .group         0x00000000        0x8 ./system/src/cmsis/vectors_DEVICE.o
 .group         0x00000000        0x8 ./system/src/cmsis/vectors_DEVICE.o
 .text          0x00000000        0x0 ./system/src/cmsis/vectors_DEVICE.o
 .data          0x00000000        0x0 ./system/src/cmsis/vectors_DEVICE.o
 .bss           0x00000000        0x0 ./system/src/cmsis/vectors_DEVICE.o
 .debug_macro   0x00000000      0x87a ./system/src/cmsis/vectors_DEVICE.o
 .debug_macro   0x00000000      0x34e ./system/src/cmsis/vectors_DEVICE.o
 .group         0x00000000        0x8 ./src/Timer.o
 .group         0x00000000        0x8 ./src/Timer.o
 .group         0x00000000        0x8 ./src/Timer.o
 .group         0x00000000        0x8 ./src/Timer.o
 .group         0x00000000        0x8 ./src/Timer.o
 .group         0x00000000        0x8 ./src/Timer.o
 .group         0x00000000        0x8 ./src/Timer.o
 .group         0x00000000        0x8 ./src/Timer.o
 .text          0x00000000        0x0 ./src/Timer.o
 .data          0x00000000        0x0 ./src/Timer.o
 .bss           0x00000000        0x0 ./src/Timer.o
 .debug_macro   0x00000000      0x8da ./src/Timer.o
 .debug_macro   0x00000000       0x2b ./src/Timer.o
 .debug_macro   0x00000000      0x34e ./src/Timer.o
 .debug_macro   0x00000000       0x35 ./src/Timer.o
 .debug_macro   0x00000000       0x50 ./src/Timer.o
 .debug_macro   0x00000000       0x43 ./src/Timer.o
 .group         0x00000000        0x8 ./src/_write.o
 .text          0x00000000        0x0 ./src/_write.o
 .data          0x00000000        0x0 ./src/_write.o
 .bss           0x00000000        0x0 ./src/_write.o
 .debug_info    0x00000000       0x21 ./src/_write.o
 .debug_abbrev  0x00000000       0x13 ./src/_write.o
 .debug_aranges
                0x00000000       0x18 ./src/_write.o
 .debug_macro   0x00000000       0x11 ./src/_write.o
 .debug_macro   0x00000000      0x87a ./src/_write.o
 .debug_line    0x00000000       0x30 ./src/_write.o
 .debug_str     0x00000000     0x24b0 ./src/_write.o
 .comment       0x00000000       0x71 ./src/_write.o
 .ARM.attributes
                0x00000000       0x33 ./src/_write.o
 .group         0x00000000        0x8 ./src/main.o
 .group         0x00000000        0x8 ./src/main.o
 .group         0x00000000        0x8 ./src/main.o
 .group         0x00000000        0x8 ./src/main.o
 .group         0x00000000        0x8 ./src/main.o
 .group         0x00000000        0x8 ./src/main.o
 .group         0x00000000        0x8 ./src/main.o
 .group         0x00000000        0x8 ./src/main.o
 .group         0x00000000        0x8 ./src/main.o
 .group         0x00000000        0x8 ./src/main.o
 .group         0x00000000        0x8 ./src/main.o
 .group         0x00000000        0x8 ./src/main.o
 .group         0x00000000        0x8 ./src/main.o
 .group         0x00000000        0x8 ./src/main.o
 .group         0x00000000        0x8 ./src/main.o
 .group         0x00000000        0x8 ./src/main.o
 .group         0x00000000        0x8 ./src/main.o
 .group         0x00000000        0x8 ./src/main.o
 .group         0x00000000        0x8 ./src/main.o
 .group         0x00000000        0x8 ./src/main.o
 .group         0x00000000        0x8 ./src/main.o
 .group         0x00000000        0x8 ./src/main.o
 .group         0x00000000        0x8 ./src/main.o
 .group         0x00000000        0x8 ./src/main.o
 .group         0x00000000        0x8 ./src/main.o
 .group         0x00000000        0x8 ./src/main.o
 .group         0x00000000        0x8 ./src/main.o
 .group         0x00000000        0x8 ./src/main.o
 .group         0x00000000        0x8 ./src/main.o
 .group         0x00000000        0x8 ./src/main.o
 .group         0x00000000        0x8 ./src/main.o
 .group         0x00000000        0x8 ./src/main.o
 .group         0x00000000        0x8 ./src/main.o
 .text          0x00000000        0x0 ./src/main.o
 .data          0x00000000        0x0 ./src/main.o
 .bss           0x00000000        0x0 ./src/main.o
 .debug_macro   0x00000000      0x8da ./src/main.o
 .debug_macro   0x00000000       0x58 ./src/main.o
 .debug_macro   0x00000000       0x22 ./src/main.o
 .debug_macro   0x00000000       0x35 ./src/main.o
 .debug_macro   0x00000000       0x9c ./src/main.o
 .debug_macro   0x00000000       0x16 ./src/main.o
 .debug_macro   0x00000000       0x4a ./src/main.o
 .debug_macro   0x00000000      0x2a4 ./src/main.o
 .debug_macro   0x00000000       0x10 ./src/main.o
 .debug_macro   0x00000000       0x52 ./src/main.o
 .debug_macro   0x00000000       0x16 ./src/main.o
 .debug_macro   0x00000000       0x43 ./src/main.o
 .debug_macro   0x00000000      0x180 ./src/main.o
 .debug_macro   0x00000000       0x10 ./src/main.o
 .debug_macro   0x00000000       0x22 ./src/main.o
 .debug_macro   0x00000000       0x22 ./src/main.o
 .debug_macro   0x00000000       0xbe ./src/main.o
 .debug_macro   0x00000000       0x16 ./src/main.o
 .debug_macro   0x00000000      0x197 ./src/main.o
 .debug_macro   0x00000000       0x16 ./src/main.o
 .debug_macro   0x00000000       0x35 ./src/main.o
 .debug_macro   0x00000000       0x16 ./src/main.o
 .debug_macro   0x00000000       0x29 ./src/main.o
 .debug_macro   0x00000000       0x16 ./src/main.o
 .debug_macro   0x00000000      0x4f7 ./src/main.o
 .debug_macro   0x00000000       0x2b ./src/main.o
 .debug_macro   0x00000000      0x34e ./src/main.o
 .debug_macro   0x00000000       0x35 ./src/main.o
 .debug_macro   0x00000000       0x50 ./src/main.o
 .debug_macro   0x00000000      0xbc6 ./src/main.o
 .debug_macro   0x00000000       0x43 ./src/main.o
 .text          0x00000000        0x0 /usr/local/gcc-arm-none-eabi-4_9-2015q3/bin/../lib/gcc/arm-none-eabi/4.9.3/../../../../arm-none-eabi/lib/armv7e-m/libg_nano.a(lib_a-errno.o)
 .data          0x00000000        0x0 /usr/local/gcc-arm-none-eabi-4_9-2015q3/bin/../lib/gcc/arm-none-eabi/4.9.3/../../../../arm-none-eabi/lib/armv7e-m/libg_nano.a(lib_a-errno.o)
 .bss           0x00000000        0x0 /usr/local/gcc-arm-none-eabi-4_9-2015q3/bin/../lib/gcc/arm-none-eabi/4.9.3/../../../../arm-none-eabi/lib/armv7e-m/libg_nano.a(lib_a-errno.o)
 .text          0x00000000        0x0 /usr/local/gcc-arm-none-eabi-4_9-2015q3/bin/../lib/gcc/arm-none-eabi/4.9.3/../../../../arm-none-eabi/lib/armv7e-m/libg_nano.a(lib_a-impure.o)
 .data          0x00000000        0x0 /usr/local/gcc-arm-none-eabi-4_9-2015q3/bin/../lib/gcc/arm-none-eabi/4.9.3/../../../../arm-none-eabi/lib/armv7e-m/libg_nano.a(lib_a-impure.o)
 .bss           0x00000000        0x0 /usr/local/gcc-arm-none-eabi-4_9-2015q3/bin/../lib/gcc/arm-none-eabi/4.9.3/../../../../arm-none-eabi/lib/armv7e-m/libg_nano.a(lib_a-impure.o)
 .rodata._global_impure_ptr
                0x00000000        0x4 /usr/local/gcc-arm-none-eabi-4_9-2015q3/bin/../lib/gcc/arm-none-eabi/4.9.3/../../../../arm-none-eabi/lib/armv7e-m/libg_nano.a(lib_a-impure.o)
 .text          0x00000000        0x0 /usr/local/gcc-arm-none-eabi-4_9-2015q3/bin/../lib/gcc/arm-none-eabi/4.9.3/../../../../arm-none-eabi/lib/armv7e-m/libg_nano.a(lib_a-strlen.o)
 .data          0x00000000        0x0 /usr/local/gcc-arm-none-eabi-4_9-2015q3/bin/../lib/gcc/arm-none-eabi/4.9.3/../../../../arm-none-eabi/lib/armv7e-m/libg_nano.a(lib_a-strlen.o)
 .bss           0x00000000        0x0 /usr/local/gcc-arm-none-eabi-4_9-2015q3/bin/../lib/gcc/arm-none-eabi/4.9.3/../../../../arm-none-eabi/lib/armv7e-m/libg_nano.a(lib_a-strlen.o)
 .text          0x00000000        0x0 /usr/local/gcc-arm-none-eabi-4_9-2015q3/bin/../lib/gcc/arm-none-eabi/4.9.3/../../../../arm-none-eabi/lib/armv7e-m/libg_nano.a(lib_a-vsnprintf.o)
 .data          0x00000000        0x0 /usr/local/gcc-arm-none-eabi-4_9-2015q3/bin/../lib/gcc/arm-none-eabi/4.9.3/../../../../arm-none-eabi/lib/armv7e-m/libg_nano.a(lib_a-vsnprintf.o)
 .bss           0x00000000        0x0 /usr/local/gcc-arm-none-eabi-4_9-2015q3/bin/../lib/gcc/arm-none-eabi/4.9.3/../../../../arm-none-eabi/lib/armv7e-m/libg_nano.a(lib_a-vsnprintf.o)
 .text          0x00000000        0x0 /usr/local/gcc-arm-none-eabi-4_9-2015q3/bin/../lib/gcc/arm-none-eabi/4.9.3/../../../../arm-none-eabi/lib/armv7e-m/libg_nano.a(lib_a-nano-svfprintf.o)
 .data          0x00000000        0x0 /usr/local/gcc-arm-none-eabi-4_9-2015q3/bin/../lib/gcc/arm-none-eabi/4.9.3/../../../../arm-none-eabi/lib/armv7e-m/libg_nano.a(lib_a-nano-svfprintf.o)
 .bss           0x00000000        0x0 /usr/local/gcc-arm-none-eabi-4_9-2015q3/bin/../lib/gcc/arm-none-eabi/4.9.3/../../../../arm-none-eabi/lib/armv7e-m/libg_nano.a(lib_a-nano-svfprintf.o)
 .text.__ssprint_r
                0x00000000       0xfe /usr/local/gcc-arm-none-eabi-4_9-2015q3/bin/../lib/gcc/arm-none-eabi/4.9.3/../../../../arm-none-eabi/lib/armv7e-m/libg_nano.a(lib_a-nano-svfprintf.o)
 .text          0x00000000        0x0 /usr/local/gcc-arm-none-eabi-4_9-2015q3/bin/../lib/gcc/arm-none-eabi/4.9.3/../../../../arm-none-eabi/lib/armv7e-m/libg_nano.a(lib_a-nano-vfprintf_i.o)
 .data          0x00000000        0x0 /usr/local/gcc-arm-none-eabi-4_9-2015q3/bin/../lib/gcc/arm-none-eabi/4.9.3/../../../../arm-none-eabi/lib/armv7e-m/libg_nano.a(lib_a-nano-vfprintf_i.o)
 .bss           0x00000000        0x0 /usr/local/gcc-arm-none-eabi-4_9-2015q3/bin/../lib/gcc/arm-none-eabi/4.9.3/../../../../arm-none-eabi/lib/armv7e-m/libg_nano.a(lib_a-nano-vfprintf_i.o)
 .text          0x00000000        0x0 /usr/local/gcc-arm-none-eabi-4_9-2015q3/bin/../lib/gcc/arm-none-eabi/4.9.3/../../../../arm-none-eabi/lib/armv7e-m/libg_nano.a(lib_a-memchr.o)
 .data          0x00000000        0x0 /usr/local/gcc-arm-none-eabi-4_9-2015q3/bin/../lib/gcc/arm-none-eabi/4.9.3/../../../../arm-none-eabi/lib/armv7e-m/libg_nano.a(lib_a-memchr.o)
 .bss           0x00000000        0x0 /usr/local/gcc-arm-none-eabi-4_9-2015q3/bin/../lib/gcc/arm-none-eabi/4.9.3/../../../../arm-none-eabi/lib/armv7e-m/libg_nano.a(lib_a-memchr.o)
 .text          0x00000000        0x0 /usr/local/gcc-arm-none-eabi-4_9-2015q3/bin/../lib/gcc/arm-none-eabi/4.9.3/../../../../arm-none-eabi/lib/armv7e-m/libg_nano.a(lib_a-memcpy.o)
 .data          0x00000000        0x0 /usr/local/gcc-arm-none-eabi-4_9-2015q3/bin/../lib/gcc/arm-none-eabi/4.9.3/../../../../arm-none-eabi/lib/armv7e-m/libg_nano.a(lib_a-memcpy.o)
 .bss           0x00000000        0x0 /usr/local/gcc-arm-none-eabi-4_9-2015q3/bin/../lib/gcc/arm-none-eabi/4.9.3/../../../../arm-none-eabi/lib/armv7e-m/libg_nano.a(lib_a-memcpy.o)
 .text          0x00000000        0x0 /usr/local/gcc-arm-none-eabi-4_9-2015q3/bin/../lib/gcc/arm-none-eabi/4.9.3/../../../../arm-none-eabi/lib/armv7e-m/libg_nano.a(lib_a-memmove.o)
 .data          0x00000000        0x0 /usr/local/gcc-arm-none-eabi-4_9-2015q3/bin/../lib/gcc/arm-none-eabi/4.9.3/../../../../arm-none-eabi/lib/armv7e-m/libg_nano.a(lib_a-memmove.o)
 .bss           0x00000000        0x0 /usr/local/gcc-arm-none-eabi-4_9-2015q3/bin/../lib/gcc/arm-none-eabi/4.9.3/../../../../arm-none-eabi/lib/armv7e-m/libg_nano.a(lib_a-memmove.o)
 .text          0x00000000        0x0 /usr/local/gcc-arm-none-eabi-4_9-2015q3/bin/../lib/gcc/arm-none-eabi/4.9.3/../../../../arm-none-eabi/lib/armv7e-m/libg_nano.a(lib_a-nano-freer.o)
 .data          0x00000000        0x0 /usr/local/gcc-arm-none-eabi-4_9-2015q3/bin/../lib/gcc/arm-none-eabi/4.9.3/../../../../arm-none-eabi/lib/armv7e-m/libg_nano.a(lib_a-nano-freer.o)
 .bss           0x00000000        0x0 /usr/local/gcc-arm-none-eabi-4_9-2015q3/bin/../lib/gcc/arm-none-eabi/4.9.3/../../../../arm-none-eabi/lib/armv7e-m/libg_nano.a(lib_a-nano-freer.o)
 .text          0x00000000        0x0 /usr/local/gcc-arm-none-eabi-4_9-2015q3/bin/../lib/gcc/arm-none-eabi/4.9.3/../../../../arm-none-eabi/lib/armv7e-m/libg_nano.a(lib_a-nano-mallocr.o)
 .data          0x00000000        0x0 /usr/local/gcc-arm-none-eabi-4_9-2015q3/bin/../lib/gcc/arm-none-eabi/4.9.3/../../../../arm-none-eabi/lib/armv7e-m/libg_nano.a(lib_a-nano-mallocr.o)
 .bss           0x00000000        0x0 /usr/local/gcc-arm-none-eabi-4_9-2015q3/bin/../lib/gcc/arm-none-eabi/4.9.3/../../../../arm-none-eabi/lib/armv7e-m/libg_nano.a(lib_a-nano-mallocr.o)
 .text          0x00000000        0x0 /usr/local/gcc-arm-none-eabi-4_9-2015q3/bin/../lib/gcc/arm-none-eabi/4.9.3/../../../../arm-none-eabi/lib/armv7e-m/libg_nano.a(lib_a-nano-reallocr.o)
 .data          0x00000000        0x0 /usr/local/gcc-arm-none-eabi-4_9-2015q3/bin/../lib/gcc/arm-none-eabi/4.9.3/../../../../arm-none-eabi/lib/armv7e-m/libg_nano.a(lib_a-nano-reallocr.o)
 .bss           0x00000000        0x0 /usr/local/gcc-arm-none-eabi-4_9-2015q3/bin/../lib/gcc/arm-none-eabi/4.9.3/../../../../arm-none-eabi/lib/armv7e-m/libg_nano.a(lib_a-nano-reallocr.o)
 .text          0x00000000        0x0 /usr/local/gcc-arm-none-eabi-4_9-2015q3/bin/../lib/gcc/arm-none-eabi/4.9.3/../../../../arm-none-eabi/lib/armv7e-m/libg_nano.a(lib_a-sbrkr.o)
 .data          0x00000000        0x0 /usr/local/gcc-arm-none-eabi-4_9-2015q3/bin/../lib/gcc/arm-none-eabi/4.9.3/../../../../arm-none-eabi/lib/armv7e-m/libg_nano.a(lib_a-sbrkr.o)
 .bss           0x00000000        0x0 /usr/local/gcc-arm-none-eabi-4_9-2015q3/bin/../lib/gcc/arm-none-eabi/4.9.3/../../../../arm-none-eabi/lib/armv7e-m/libg_nano.a(lib_a-sbrkr.o)
 .text          0x00000000        0x0 /usr/local/gcc-arm-none-eabi-4_9-2015q3/bin/../lib/gcc/arm-none-eabi/4.9.3/../../../../arm-none-eabi/lib/armv7e-m/libg_nano.a(lib_a-nano-msizer.o)
 .data          0x00000000        0x0 /usr/local/gcc-arm-none-eabi-4_9-2015q3/bin/../lib/gcc/arm-none-eabi/4.9.3/../../../../arm-none-eabi/lib/armv7e-m/libg_nano.a(lib_a-nano-msizer.o)
 .bss           0x00000000        0x0 /usr/local/gcc-arm-none-eabi-4_9-2015q3/bin/../lib/gcc/arm-none-eabi/4.9.3/../../../../arm-none-eabi/lib/armv7e-m/libg_nano.a(lib_a-nano-msizer.o)

Memory Configuration

Name             Origin             Length             Attributes
FLASH            0x00000000         0x00040000         xr
RAM              0x20000000         0x00008000         xrw
CCMRAM           0x10000000         0x00000000         xrw
FLASHB1          0x00000000         0x00000000         xr
EXTMEMB0         0x00000000         0x00000000         xr
EXTMEMB1         0x00000000         0x00000000         xr
EXTMEMB2         0x00000000         0x00000000         xr
EXTMEMB3         0x00000000         0x00000000         xr
*default*        0x00000000         0xffffffff

Linker script and memory map

LOAD ./system/src/newlib/_cxx.o
LOAD ./system/src/newlib/_exit.o
LOAD ./system/src/newlib/_sbrk.o
LOAD ./system/src/newlib/_startup.o
LOAD ./system/src/newlib/_syscalls.o
LOAD ./system/src/newlib/assert.o
LOAD ./system/src/diag/Trace.o
LOAD ./system/src/diag/trace_impl.o
LOAD ./system/src/cortexm/_initialize_hardware.o
LOAD ./system/src/cortexm/_reset_hardware.o
LOAD ./system/src/cortexm/exception_handlers.o
LOAD ./system/src/cmsis/system_DEVICE.o
LOAD ./system/src/cmsis/vectors_DEVICE.o
LOAD ./src/Timer.o
LOAD ./src/_write.o
LOAD ./src/main.o
LOAD /usr/local/gcc-arm-none-eabi-4_9-2015q3/bin/../lib/gcc/arm-none-eabi/4.9.3/../../../../arm-none-eabi/lib/armv7e-m/libstdc++_nano.a
LOAD /usr/local/gcc-arm-none-eabi-4_9-2015q3/bin/../lib/gcc/arm-none-eabi/4.9.3/../../../../arm-none-eabi/lib/armv7e-m/libm.a
START GROUP
LOAD /usr/local/gcc-arm-none-eabi-4_9-2015q3/bin/../lib/gcc/arm-none-eabi/4.9.3/armv7e-m/libgcc.a
LOAD /usr/local/gcc-arm-none-eabi-4_9-2015q3/bin/../lib/gcc/arm-none-eabi/4.9.3/../../../../arm-none-eabi/lib/armv7e-m/libg_nano.a
LOAD /usr/local/gcc-arm-none-eabi-4_9-2015q3/bin/../lib/gcc/arm-none-eabi/4.9.3/../../../../arm-none-eabi/lib/armv7e-m/libc_nano.a
END GROUP
START GROUP
LOAD /usr/local/gcc-arm-none-eabi-4_9-2015q3/bin/../lib/gcc/arm-none-eabi/4.9.3/armv7e-m/libgcc.a
LOAD /usr/local/gcc-arm-none-eabi-4_9-2015q3/bin/../lib/gcc/arm-none-eabi/4.9.3/../../../../arm-none-eabi/lib/armv7e-m/libc_nano.a
END GROUP
                0x20008000                __stack = (ORIGIN (RAM) + 0x8000)
                0x20008000                _estack = __stack
                0x00000400                __Main_Stack_Size = 0x400
                0x00000400                PROVIDE (_Main_Stack_Size, __Main_Stack_Size)
                0x20007c00                __Main_Stack_Limit = (__stack - __Main_Stack_Size)
                0x20007c00                PROVIDE (_Main_Stack_Limit, __Main_Stack_Limit)
                0x00000100                _Minimum_Stack_Size = 0x100
                0x20000118                PROVIDE (_Heap_Begin, _end_noinit)
                0x20007c00                PROVIDE (_Heap_Limit, (__stack - __Main_Stack_Size))

.isr_vector     0x00000000      0x260
 FILL mask 0xff
                0x00000000                __vectors_start = ABSOLUTE (.)
                0x00000000                __vectors_start__ = ABSOLUTE (.)
 *(.isr_vector)
 .isr_vector    0x00000000       0x44 ./system/src/cmsis/vectors_DEVICE.o
                0x00000000                __isr_vectors
 *(.cfmconfig)
 *(.after_vectors .after_vectors.*)
 .after_vectors
                0x00000044      0x114 ./system/src/newlib/_startup.o
                0x00000044                _start
 .after_vectors
                0x00000158      0x104 ./system/src/cortexm/exception_handlers.o
                0x00000158                Reset_Handler
                0x00000160                NMI_Handler
                0x00000164                HardFault_Handler
                0x00000178                HardFault_Handler_C
                0x000001ac                MemManage_Handler
                0x000001b0                BusFault_Handler
                0x000001c4                BusFault_Handler_C
                0x000001f8                UsageFault_Handler
                0x0000020c                UsageFault_Handler_C
                0x00000240                SVC_Handler
                0x00000244                DebugMon_Handler
                0x00000248                PendSV_Handler
 .after_vectors
                0x0000025c        0x4 ./system/src/cmsis/vectors_DEVICE.o
                0x0000025c                DeviceInterrupt_Handler
                0x0000025c                Default_Handler

.inits          0x00000260       0x28
                0x00000260                __data_regions_array_start = .
                0x00000260        0x4 LONG 0xf58 LOADADDR (.data)
                0x00000264        0x4 LONG 0x20000000 ADDR (.data)
                0x00000268        0x4 LONG 0x20000078 (ADDR (.data) + SIZEOF (.data))
                0x0000026c        0x4 LONG 0xf58 LOADADDR (.data_CCMRAM)
                0x00000270        0x4 LONG 0x10000000 ADDR (.data_CCMRAM)
                0x00000274        0x4 LONG 0x10000000 (ADDR (.data_CCMRAM) + SIZEOF (.data_CCMRAM))
                0x00000278                __data_regions_array_end = .
                0x00000278                __bss_regions_array_start = .
                0x00000278        0x4 LONG 0x20000078 ADDR (.bss)
                0x0000027c        0x4 LONG 0x20000118 (ADDR (.bss) + SIZEOF (.bss))
                0x00000280        0x4 LONG 0x10000000 ADDR (.bss_CCMRAM)
                0x00000284        0x4 LONG 0x10000000 (ADDR (.bss_CCMRAM) + SIZEOF (.bss_CCMRAM))
                0x00000288                __bss_regions_array_end = .
 *(.init)
 *(.fini)
                0x00000288                . = ALIGN (0x4)
                0x00000288                PROVIDE (__preinit_array_start, .)
 *(.preinit_array_sysinit .preinit_array_sysinit.*)
 *(.preinit_array_platform .preinit_array_platform.*)
 *(.preinit_array .preinit_array.*)
                0x00000288                PROVIDE (__preinit_array_end, .)
                0x00000288                . = ALIGN (0x4)
                0x00000288                PROVIDE (__init_array_start, .)
 *(SORT(.init_array.*))
 *(.init_array)
                0x00000288                PROVIDE (__init_array_end, .)
                0x00000288                . = ALIGN (0x4)
                0x00000288                PROVIDE (__fini_array_start, .)
 *(SORT(.fini_array.*))
 *(.fini_array)
                0x00000288                PROVIDE (__fini_array_end, .)

.flashtext
 *(.flashtext .flashtext.*)

.text           0x00000288      0xccd
 *(.text .text.*)
 .text._exit    0x00000288        0x4 ./system/src/newlib/_exit.o
                0x00000288                _exit
 .text._sbrk    0x0000028c       0x44 ./system/src/newlib/_sbrk.o
                0x0000028c                _sbrk
 .text.__initialize_args
                0x000002d0       0x10 ./system/src/newlib/_syscalls.o
                0x000002d0                __initialize_args
 .text.trace_printf
                0x000002e0       0x34 ./system/src/diag/Trace.o
                0x000002e0                trace_printf
 .text.trace_puts
                0x00000314       0x20 ./system/src/diag/Trace.o
                0x00000314                trace_puts
 .text.trace_write
                0x00000334        0x8 ./system/src/diag/trace_impl.o
                0x00000334                trace_write
 .text.__initialize_hardware_early
                0x0000033c       0x18 ./system/src/cortexm/_initialize_hardware.o
                0x0000033c                __initialize_hardware_early
 .text.__initialize_hardware
                0x00000354        0x8 ./system/src/cortexm/_initialize_hardware.o
                0x00000354                __initialize_hardware
 .text.dumpExceptionStack
                0x0000035c       0xf0 ./system/src/cortexm/exception_handlers.o
                0x0000035c                dumpExceptionStack
 .text.SystemCoreClockUpdate
                0x0000044c       0x10 ./system/src/cmsis/system_DEVICE.o
                0x0000044c                SystemCoreClockUpdate
 .text.SystemInit
                0x0000045c       0x10 ./system/src/cmsis/system_DEVICE.o
                0x0000045c                SystemInit
 .text._ZN5Timer5sleepEm
                0x0000046c       0x14 ./src/Timer.o
                0x0000046c                Timer::sleep(unsigned long)
 .text.SysTick_Handler
                0x00000480       0x14 ./src/Timer.o
                0x00000480                SysTick_Handler
 .text.main     0x00000494       0x6c ./src/main.o
                0x00000494                main
 .text.__errno  0x00000500        0xc /usr/local/gcc-arm-none-eabi-4_9-2015q3/bin/../lib/gcc/arm-none-eabi/4.9.3/../../../../arm-none-eabi/lib/armv7e-m/libg_nano.a(lib_a-errno.o)
                0x00000500                __errno
 .text.strlen   0x0000050c       0x10 /usr/local/gcc-arm-none-eabi-4_9-2015q3/bin/../lib/gcc/arm-none-eabi/4.9.3/../../../../arm-none-eabi/lib/armv7e-m/libg_nano.a(lib_a-strlen.o)
                0x0000050c                strlen
 .text._vsnprintf_r
                0x0000051c       0x52 /usr/local/gcc-arm-none-eabi-4_9-2015q3/bin/../lib/gcc/arm-none-eabi/4.9.3/../../../../arm-none-eabi/lib/armv7e-m/libg_nano.a(lib_a-vsnprintf.o)
                0x0000051c                _vsnprintf_r
                0x0000051c                _vsniprintf_r
 *fill*         0x0000056e        0x2 
 .text.vsnprintf
                0x00000570       0x20 /usr/local/gcc-arm-none-eabi-4_9-2015q3/bin/../lib/gcc/arm-none-eabi/4.9.3/../../../../arm-none-eabi/lib/armv7e-m/libg_nano.a(lib_a-vsnprintf.o)
                0x00000570                vsnprintf
                0x00000570                vsniprintf
 .text.__ssputs_r
                0x00000590       0xb2 /usr/local/gcc-arm-none-eabi-4_9-2015q3/bin/../lib/gcc/arm-none-eabi/4.9.3/../../../../arm-none-eabi/lib/armv7e-m/libg_nano.a(lib_a-nano-svfprintf.o)
                0x00000590                __ssputs_r
 *fill*         0x00000642        0x2 
 .text._svfprintf_r
                0x00000644      0x1e4 /usr/local/gcc-arm-none-eabi-4_9-2015q3/bin/../lib/gcc/arm-none-eabi/4.9.3/../../../../arm-none-eabi/lib/armv7e-m/libg_nano.a(lib_a-nano-svfprintf.o)
                0x00000644                _svfprintf_r
                0x00000644                _svfiprintf_r
 .text._printf_common
                0x00000828       0xea /usr/local/gcc-arm-none-eabi-4_9-2015q3/bin/../lib/gcc/arm-none-eabi/4.9.3/../../../../arm-none-eabi/lib/armv7e-m/libg_nano.a(lib_a-nano-vfprintf_i.o)
                0x00000828                _printf_common
 *fill*         0x00000912        0x2 
 .text._printf_i
                0x00000914      0x240 /usr/local/gcc-arm-none-eabi-4_9-2015q3/bin/../lib/gcc/arm-none-eabi/4.9.3/../../../../arm-none-eabi/lib/armv7e-m/libg_nano.a(lib_a-nano-vfprintf_i.o)
                0x00000914                _printf_i
 .text.memchr   0x00000b54       0x1e /usr/local/gcc-arm-none-eabi-4_9-2015q3/bin/../lib/gcc/arm-none-eabi/4.9.3/../../../../arm-none-eabi/lib/armv7e-m/libg_nano.a(lib_a-memchr.o)
                0x00000b54                memchr
 .text.memcpy   0x00000b72       0x16 /usr/local/gcc-arm-none-eabi-4_9-2015q3/bin/../lib/gcc/arm-none-eabi/4.9.3/../../../../arm-none-eabi/lib/armv7e-m/libg_nano.a(lib_a-memcpy.o)
                0x00000b72                memcpy
 .text.memmove  0x00000b88       0x36 /usr/local/gcc-arm-none-eabi-4_9-2015q3/bin/../lib/gcc/arm-none-eabi/4.9.3/../../../../arm-none-eabi/lib/armv7e-m/libg_nano.a(lib_a-memmove.o)
                0x00000b88                memmove
 *fill*         0x00000bbe        0x2 
 .text._free_r  0x00000bc0       0x88 /usr/local/gcc-arm-none-eabi-4_9-2015q3/bin/../lib/gcc/arm-none-eabi/4.9.3/../../../../arm-none-eabi/lib/armv7e-m/libg_nano.a(lib_a-nano-freer.o)
                0x00000bc0                _free_r
 .text._malloc_r
                0x00000c48       0xac /usr/local/gcc-arm-none-eabi-4_9-2015q3/bin/../lib/gcc/arm-none-eabi/4.9.3/../../../../arm-none-eabi/lib/armv7e-m/libg_nano.a(lib_a-nano-mallocr.o)
                0x00000c48                _malloc_r
 .text._realloc_r
                0x00000cf4       0x4c /usr/local/gcc-arm-none-eabi-4_9-2015q3/bin/../lib/gcc/arm-none-eabi/4.9.3/../../../../arm-none-eabi/lib/armv7e-m/libg_nano.a(lib_a-nano-reallocr.o)
                0x00000cf4                _realloc_r
 .text._sbrk_r  0x00000d40       0x20 /usr/local/gcc-arm-none-eabi-4_9-2015q3/bin/../lib/gcc/arm-none-eabi/4.9.3/../../../../arm-none-eabi/lib/armv7e-m/libg_nano.a(lib_a-sbrkr.o)
                0x00000d40                _sbrk_r
 .text._malloc_usable_size_r
                0x00000d60       0x14 /usr/local/gcc-arm-none-eabi-4_9-2015q3/bin/../lib/gcc/arm-none-eabi/4.9.3/../../../../arm-none-eabi/lib/armv7e-m/libg_nano.a(lib_a-nano-msizer.o)
                0x00000d60                _malloc_usable_size_r
 *(.rodata .rodata.* .constdata .constdata.*)
 .rodata.str1.4
                0x00000d74       0x29 ./system/src/diag/Trace.o
                                 0x2d (size before relaxing)
 *fill*         0x00000d9d        0x3 
 .rodata.str1.4
                0x00000da0      0x146 ./system/src/cortexm/exception_handlers.o
 *fill*         0x00000ee6        0x2 
 .rodata.str1.4
                0x00000ee8       0x38 ./src/main.o
                                 0x37 (size before relaxing)
 .rodata.str1.1
                0x00000f20        0x2 /usr/local/gcc-arm-none-eabi-4_9-2015q3/bin/../lib/gcc/arm-none-eabi/4.9.3/../../../../arm-none-eabi/lib/armv7e-m/libg_nano.a(lib_a-impure.o)
 .rodata.str1.1
                0x00000f22       0x11 /usr/local/gcc-arm-none-eabi-4_9-2015q3/bin/../lib/gcc/arm-none-eabi/4.9.3/../../../../arm-none-eabi/lib/armv7e-m/libg_nano.a(lib_a-nano-svfprintf.o)
 .rodata.str1.1
                0x00000f33       0x22 /usr/local/gcc-arm-none-eabi-4_9-2015q3/bin/../lib/gcc/arm-none-eabi/4.9.3/../../../../arm-none-eabi/lib/armv7e-m/libg_nano.a(lib_a-nano-vfprintf_i.o)
 *(vtable)
 *(.eh_frame*)
 *(.glue_7)
 .glue_7        0x00000000        0x0 linker stubs
 *(.glue_7t)
 .glue_7t       0x00000000        0x0 linker stubs

.vfp11_veneer   0x00000f58        0x0
 .vfp11_veneer  0x00000000        0x0 linker stubs

.v4_bx          0x00000f58        0x0
 .v4_bx         0x00000000        0x0 linker stubs

.iplt           0x00000f58        0x0
 .iplt          0x00000000        0x0 ./system/src/newlib/_cxx.o

.rel.dyn        0x00000f58        0x0
 .rel.iplt      0x00000000        0x0 ./system/src/newlib/_cxx.o

.ARM.extab
 *(.ARM.extab* .gnu.linkonce.armextab.*)
                0x00000f58                . = ALIGN (0x4)
                0x00000f58                __exidx_start = .

.ARM.exidx
 *(.ARM.exidx* .gnu.linkonce.armexidx.*)
                0x00000f58                __exidx_end = .
                0x00000f58                . = ALIGN (0x4)
                0x00000f58                _etext = .
                0x00000f58                __etext = .

.data_CCMRAM    0x10000000        0x0 load address 0x00000f58
 FILL mask 0xff
 *(.data.CCMRAM .data.CCMRAM.*)
                0x10000000                . = ALIGN (0x4)
                0x00000f58                _sidata = LOADADDR (.data)

.data           0x20000000       0x78 load address 0x00000f58
 FILL mask 0xff
                0x20000000                _sdata = .
                0x20000000                __data_start__ = .
 *(.data_begin .data_begin.*)
 .data_begin    0x20000000        0x4 ./system/src/newlib/_startup.o
 *(.data .data.*)
 .data.argv.4160
                0x20000004        0x8 ./system/src/newlib/_syscalls.o
 .data.SystemCoreClock
                0x2000000c        0x4 ./system/src/cmsis/system_DEVICE.o
                0x2000000c                SystemCoreClock
 .data.impure_data
                0x20000010       0x60 /usr/local/gcc-arm-none-eabi-4_9-2015q3/bin/../lib/gcc/arm-none-eabi/4.9.3/../../../../arm-none-eabi/lib/armv7e-m/libg_nano.a(lib_a-impure.o)
 .data._impure_ptr
                0x20000070        0x4 /usr/local/gcc-arm-none-eabi-4_9-2015q3/bin/../lib/gcc/arm-none-eabi/4.9.3/../../../../arm-none-eabi/lib/armv7e-m/libg_nano.a(lib_a-impure.o)
                0x20000070                _impure_ptr
 *(.data_end .data_end.*)
 .data_end      0x20000074        0x4 ./system/src/newlib/_startup.o
                0x20000078                . = ALIGN (0x4)
                0x20000078                _edata = .
                0x20000078                __data_end__ = .

.igot.plt       0x20000078        0x0 load address 0x00000fd0
 .igot.plt      0x00000000        0x0 ./system/src/newlib/_cxx.o

.bss_CCMRAM     0x10000000        0x0
 *(.bss.CCMRAM .bss.CCMRAM.*)

.bss            0x20000078       0xa0
                0x20000078                __bss_start__ = .
                0x20000078                _sbss = .
 *(.bss_begin .bss_begin.*)
 .bss_begin     0x20000078        0x4 ./system/src/newlib/_startup.o
 *(.bss .bss.*)
 .bss.current_heap_end.3862
                0x2000007c        0x4 ./system/src/newlib/_sbrk.o
 .bss.name.4159
                0x20000080        0x1 ./system/src/newlib/_syscalls.o
 *fill*         0x20000081        0x3 
 .bss.buf.4998  0x20000084       0x80 ./system/src/diag/Trace.o
 .bss._ZN5Timer13ms_delayCountE
                0x20000104        0x4 ./src/Timer.o
                0x20000104                Timer::ms_delayCount
 .bss.__malloc_sbrk_start
                0x20000108        0x4 /usr/local/gcc-arm-none-eabi-4_9-2015q3/bin/../lib/gcc/arm-none-eabi/4.9.3/../../../../arm-none-eabi/lib/armv7e-m/libg_nano.a(lib_a-nano-mallocr.o)
                0x20000108                __malloc_sbrk_start
 .bss.__malloc_free_list
                0x2000010c        0x4 /usr/local/gcc-arm-none-eabi-4_9-2015q3/bin/../lib/gcc/arm-none-eabi/4.9.3/../../../../arm-none-eabi/lib/armv7e-m/libg_nano.a(lib_a-nano-mallocr.o)
                0x2000010c                __malloc_free_list
 *(COMMON)
 COMMON         0x20000110        0x4 ./system/src/newlib/_syscalls.o
                0x20000110                errno
 *(.bss_end .bss_end.*)
 .bss_end       0x20000114        0x4 ./system/src/newlib/_startup.o
                0x20000118                . = ALIGN (0x4)
                0x20000118                __bss_end__ = .
                0x20000118                _ebss = .

.noinit_CCMRAM
 *(.noinit.CCMRAM .noinit.CCMRAM.*)

.noinit         0x20000118        0x0
                0x20000118                _noinit = .
 *(.noinit .noinit.*)
                0x20000118                . = ALIGN (0x4)
                0x20000118                _end_noinit = .
                0x20000118                PROVIDE (end, _end_noinit)
                0x20000118                PROVIDE (_end, _end_noinit)
                0x20000118                PROVIDE (__end, _end_noinit)
                0x20000118                PROVIDE (__end__, _end_noinit)

._check_stack   0x20000118      0x100
                0x20000218                . = (. + _Minimum_Stack_Size)
 *fill*         0x20000118      0x100 

.b1text
 *(.b1text)
 *(.b1rodata)
 *(.b1rodata.*)

.eb0text
 *(.eb0text)
 *(.eb0rodata)
 *(.eb0rodata.*)

.eb1text
 *(.eb1text)
 *(.eb1rodata)
 *(.eb1rodata.*)

.eb2text
 *(.eb2text)
 *(.eb2rodata)
 *(.eb2rodata.*)

.eb3text
 *(.eb3text)
 *(.eb3rodata)
 *(.eb3rodata.*)

.stab
 *(.stab)

.stabstr
 *(.stabstr)

.stab.excl
 *(.stab.excl)

.stab.exclstr
 *(.stab.exclstr)

.stab.index
 *(.stab.index)

.stab.indexstr
 *(.stab.indexstr)

.comment        0x00000000       0x70
 *(.comment)
 .comment       0x00000000       0x70 ./system/src/newlib/_exit.o
                                 0x71 (size before relaxing)
 .comment       0x00000000       0x71 ./system/src/newlib/_sbrk.o
 .comment       0x00000000       0x71 ./system/src/newlib/_startup.o
 .comment       0x00000000       0x71 ./system/src/newlib/_syscalls.o
 .comment       0x00000000       0x71 ./system/src/diag/Trace.o
 .comment       0x00000000       0x71 ./system/src/diag/trace_impl.o
 .comment       0x00000000       0x71 ./system/src/cortexm/_initialize_hardware.o
 .comment       0x00000000       0x71 ./system/src/cortexm/exception_handlers.o
 .comment       0x00000000       0x71 ./system/src/cmsis/system_DEVICE.o
 .comment       0x00000000       0x71 ./system/src/cmsis/vectors_DEVICE.o
 .comment       0x00000000       0x71 ./src/Timer.o
 .comment       0x00000000       0x71 ./src/main.o

.ARM.attributes
                0x00000000       0x33
 .ARM.attributes
                0x00000000       0x33 ./system/src/newlib/_exit.o
 .ARM.attributes
                0x00000033       0x33 ./system/src/newlib/_sbrk.o
 .ARM.attributes
                0x00000066       0x33 ./system/src/newlib/_startup.o
 .ARM.attributes
                0x00000099       0x33 ./system/src/newlib/_syscalls.o
 .ARM.attributes
                0x000000cc       0x33 ./system/src/diag/Trace.o
 .ARM.attributes
                0x000000ff       0x33 ./system/src/diag/trace_impl.o
 .ARM.attributes
                0x00000132       0x33 ./system/src/cortexm/_initialize_hardware.o
 .ARM.attributes
                0x00000165       0x33 ./system/src/cortexm/exception_handlers.o
 .ARM.attributes
                0x00000198       0x33 ./system/src/cmsis/system_DEVICE.o
 .ARM.attributes
                0x000001cb       0x33 ./system/src/cmsis/vectors_DEVICE.o
 .ARM.attributes
                0x000001fe       0x33 ./src/Timer.o
 .ARM.attributes
                0x00000231       0x33 ./src/main.o
 .ARM.attributes
                0x00000264       0x2e /usr/local/gcc-arm-none-eabi-4_9-2015q3/bin/../lib/gcc/arm-none-eabi/4.9.3/../../../../arm-none-eabi/lib/armv7e-m/libg_nano.a(lib_a-errno.o)
 .ARM.attributes
                0x00000292       0x2e /usr/local/gcc-arm-none-eabi-4_9-2015q3/bin/../lib/gcc/arm-none-eabi/4.9.3/../../../../arm-none-eabi/lib/armv7e-m/libg_nano.a(lib_a-impure.o)
 .ARM.attributes
                0x000002c0       0x2e /usr/local/gcc-arm-none-eabi-4_9-2015q3/bin/../lib/gcc/arm-none-eabi/4.9.3/../../../../arm-none-eabi/lib/armv7e-m/libg_nano.a(lib_a-strlen.o)
 .ARM.attributes
                0x000002ee       0x2e /usr/local/gcc-arm-none-eabi-4_9-2015q3/bin/../lib/gcc/arm-none-eabi/4.9.3/../../../../arm-none-eabi/lib/armv7e-m/libg_nano.a(lib_a-vsnprintf.o)
 .ARM.attributes
                0x0000031c       0x2e /usr/local/gcc-arm-none-eabi-4_9-2015q3/bin/../lib/gcc/arm-none-eabi/4.9.3/../../../../arm-none-eabi/lib/armv7e-m/libg_nano.a(lib_a-nano-svfprintf.o)
 .ARM.attributes
                0x0000034a       0x2e /usr/local/gcc-arm-none-eabi-4_9-2015q3/bin/../lib/gcc/arm-none-eabi/4.9.3/../../../../arm-none-eabi/lib/armv7e-m/libg_nano.a(lib_a-nano-vfprintf_i.o)
 .ARM.attributes
                0x00000378       0x2e /usr/local/gcc-arm-none-eabi-4_9-2015q3/bin/../lib/gcc/arm-none-eabi/4.9.3/../../../../arm-none-eabi/lib/armv7e-m/libg_nano.a(lib_a-memchr.o)
 .ARM.attributes
                0x000003a6       0x2e /usr/local/gcc-arm-none-eabi-4_9-2015q3/bin/../lib/gcc/arm-none-eabi/4.9.3/../../../../arm-none-eabi/lib/armv7e-m/libg_nano.a(lib_a-memcpy.o)
 .ARM.attributes
                0x000003d4       0x2e /usr/local/gcc-arm-none-eabi-4_9-2015q3/bin/../lib/gcc/arm-none-eabi/4.9.3/../../../../arm-none-eabi/lib/armv7e-m/libg_nano.a(lib_a-memmove.o)
 .ARM.attributes
                0x00000402       0x2e /usr/local/gcc-arm-none-eabi-4_9-2015q3/bin/../lib/gcc/arm-none-eabi/4.9.3/../../../../arm-none-eabi/lib/armv7e-m/libg_nano.a(lib_a-nano-freer.o)
 .ARM.attributes
                0x00000430       0x2e /usr/local/gcc-arm-none-eabi-4_9-2015q3/bin/../lib/gcc/arm-none-eabi/4.9.3/../../../../arm-none-eabi/lib/armv7e-m/libg_nano.a(lib_a-nano-mallocr.o)
 .ARM.attributes
                0x0000045e       0x2e /usr/local/gcc-arm-none-eabi-4_9-2015q3/bin/../lib/gcc/arm-none-eabi/4.9.3/../../../../arm-none-eabi/lib/armv7e-m/libg_nano.a(lib_a-nano-reallocr.o)
 .ARM.attributes
                0x0000048c       0x2e /usr/local/gcc-arm-none-eabi-4_9-2015q3/bin/../lib/gcc/arm-none-eabi/4.9.3/../../../../arm-none-eabi/lib/armv7e-m/libg_nano.a(lib_a-sbrkr.o)
 .ARM.attributes
                0x000004ba       0x2e /usr/local/gcc-arm-none-eabi-4_9-2015q3/bin/../lib/gcc/arm-none-eabi/4.9.3/../../../../arm-none-eabi/lib/armv7e-m/libg_nano.a(lib_a-nano-msizer.o)

.debug
 *(.debug)

.line
 *(.line)

.debug_srcinfo
 *(.debug_srcinfo)

.debug_sfnames
 *(.debug_sfnames)

.debug_aranges  0x00000000      0x258
 *(.debug_aranges)
 .debug_aranges
                0x00000000       0x28 ./system/src/newlib/_exit.o
 .debug_aranges
                0x00000028       0x20 ./system/src/newlib/_sbrk.o
 .debug_aranges
                0x00000048       0x40 ./system/src/newlib/_startup.o
 .debug_aranges
                0x00000088       0x30 ./system/src/newlib/_syscalls.o
 .debug_aranges
                0x000000b8       0x38 ./system/src/diag/Trace.o
 .debug_aranges
                0x000000f0       0x28 ./system/src/diag/trace_impl.o
 .debug_aranges
                0x00000118       0x28 ./system/src/cortexm/_initialize_hardware.o
 .debug_aranges
                0x00000140       0x88 ./system/src/cortexm/exception_handlers.o
 .debug_aranges
                0x000001c8       0x28 ./system/src/cmsis/system_DEVICE.o
 .debug_aranges
                0x000001f0       0x20 ./system/src/cmsis/vectors_DEVICE.o
 .debug_aranges
                0x00000210       0x28 ./src/Timer.o
 .debug_aranges
                0x00000238       0x20 ./src/main.o

.debug_pubnames
 *(.debug_pubnames)

.debug_info     0x00000000     0x20ad
 *(.debug_info .gnu.linkonce.wi.*)
 .debug_info    0x00000000      0x100 ./system/src/newlib/_exit.o
 .debug_info    0x00000100      0x125 ./system/src/newlib/_sbrk.o
 .debug_info    0x00000225      0x474 ./system/src/newlib/_startup.o
 .debug_info    0x00000699      0x1a9 ./system/src/newlib/_syscalls.o
 .debug_info    0x00000842      0x32b ./system/src/diag/Trace.o
 .debug_info    0x00000b6d      0x114 ./system/src/diag/trace_impl.o
 .debug_info    0x00000c81      0x294 ./system/src/cortexm/_initialize_hardware.o
 .debug_info    0x00000f15      0x7bb ./system/src/cortexm/exception_handlers.o
 .debug_info    0x000016d0       0xd1 ./system/src/cmsis/system_DEVICE.o
 .debug_info    0x000017a1       0xd0 ./system/src/cmsis/vectors_DEVICE.o
 .debug_info    0x00001871      0x1a0 ./src/Timer.o
 .debug_info    0x00001a11      0x69c ./src/main.o

.debug_abbrev   0x00000000      0xe91
 *(.debug_abbrev)
 .debug_abbrev  0x00000000       0xa4 ./system/src/newlib/_exit.o
 .debug_abbrev  0x000000a4       0xbb ./system/src/newlib/_sbrk.o
 .debug_abbrev  0x0000015f      0x1e9 ./system/src/newlib/_startup.o
 .debug_abbrev  0x00000348       0xe7 ./system/src/newlib/_syscalls.o
 .debug_abbrev  0x0000042f      0x178 ./system/src/diag/Trace.o
 .debug_abbrev  0x000005a7       0xb4 ./system/src/diag/trace_impl.o
 .debug_abbrev  0x0000065b       0xea ./system/src/cortexm/_initialize_hardware.o
 .debug_abbrev  0x00000745      0x1d6 ./system/src/cortexm/exception_handlers.o
 .debug_abbrev  0x0000091b       0x7b ./system/src/cmsis/system_DEVICE.o
 .debug_abbrev  0x00000996       0x9d ./system/src/cmsis/vectors_DEVICE.o
 .debug_abbrev  0x00000a33      0x181 ./src/Timer.o
 .debug_abbrev  0x00000bb4      0x2dd ./src/main.o

.debug_line     0x00000000     0x1dfa
 *(.debug_line)
 .debug_line    0x00000000      0x28a ./system/src/newlib/_exit.o
 .debug_line    0x0000028a      0x238 ./system/src/newlib/_sbrk.o
 .debug_line    0x000004c2      0x2f6 ./system/src/newlib/_startup.o
 .debug_line    0x000007b8      0x355 ./system/src/newlib/_syscalls.o
 .debug_line    0x00000b0d      0x2e5 ./system/src/diag/Trace.o
 .debug_line    0x00000df2      0x311 ./system/src/diag/trace_impl.o
 .debug_line    0x00001103      0x171 ./system/src/cortexm/_initialize_hardware.o
 .debug_line    0x00001274      0x40c ./system/src/cortexm/exception_handlers.o
 .debug_line    0x00001680      0x156 ./system/src/cmsis/system_DEVICE.o
 .debug_line    0x000017d6       0xf3 ./system/src/cmsis/vectors_DEVICE.o
 .debug_line    0x000018c9      0x1a3 ./src/Timer.o
 .debug_line    0x00001a6c      0x38e ./src/main.o

.debug_frame    0x00000000      0x6e8
 *(.debug_frame)
 .debug_frame   0x00000000       0x38 ./system/src/newlib/_exit.o
 .debug_frame   0x00000038       0x28 ./system/src/newlib/_sbrk.o
 .debug_frame   0x00000060       0x7c ./system/src/newlib/_startup.o
 .debug_frame   0x000000dc       0x50 ./system/src/newlib/_syscalls.o
 .debug_frame   0x0000012c       0x94 ./system/src/diag/Trace.o
 .debug_frame   0x000001c0       0x30 ./system/src/diag/trace_impl.o
 .debug_frame   0x000001f0       0x40 ./system/src/cortexm/_initialize_hardware.o
 .debug_frame   0x00000230      0x144 ./system/src/cortexm/exception_handlers.o
 .debug_frame   0x00000374       0x30 ./system/src/cmsis/system_DEVICE.o
 .debug_frame   0x000003a4       0x20 ./system/src/cmsis/vectors_DEVICE.o
 .debug_frame   0x000003c4       0x30 ./src/Timer.o
 .debug_frame   0x000003f4       0x28 ./src/main.o
 .debug_frame   0x0000041c       0x20 /usr/local/gcc-arm-none-eabi-4_9-2015q3/bin/../lib/gcc/arm-none-eabi/4.9.3/../../../../arm-none-eabi/lib/armv7e-m/libg_nano.a(lib_a-errno.o)
 .debug_frame   0x0000043c       0x20 /usr/local/gcc-arm-none-eabi-4_9-2015q3/bin/../lib/gcc/arm-none-eabi/4.9.3/../../../../arm-none-eabi/lib/armv7e-m/libg_nano.a(lib_a-strlen.o)
 .debug_frame   0x0000045c       0x50 /usr/local/gcc-arm-none-eabi-4_9-2015q3/bin/../lib/gcc/arm-none-eabi/4.9.3/../../../../arm-none-eabi/lib/armv7e-m/libg_nano.a(lib_a-vsnprintf.o)
 .debug_frame   0x000004ac       0x8c /usr/local/gcc-arm-none-eabi-4_9-2015q3/bin/../lib/gcc/arm-none-eabi/4.9.3/../../../../arm-none-eabi/lib/armv7e-m/libg_nano.a(lib_a-nano-svfprintf.o)
 .debug_frame   0x00000538       0x58 /usr/local/gcc-arm-none-eabi-4_9-2015q3/bin/../lib/gcc/arm-none-eabi/4.9.3/../../../../arm-none-eabi/lib/armv7e-m/libg_nano.a(lib_a-nano-vfprintf_i.o)
 .debug_frame   0x00000590       0x28 /usr/local/gcc-arm-none-eabi-4_9-2015q3/bin/../lib/gcc/arm-none-eabi/4.9.3/../../../../arm-none-eabi/lib/armv7e-m/libg_nano.a(lib_a-memchr.o)
 .debug_frame   0x000005b8       0x28 /usr/local/gcc-arm-none-eabi-4_9-2015q3/bin/../lib/gcc/arm-none-eabi/4.9.3/../../../../arm-none-eabi/lib/armv7e-m/libg_nano.a(lib_a-memcpy.o)
 .debug_frame   0x000005e0       0x28 /usr/local/gcc-arm-none-eabi-4_9-2015q3/bin/../lib/gcc/arm-none-eabi/4.9.3/../../../../arm-none-eabi/lib/armv7e-m/libg_nano.a(lib_a-memmove.o)
 .debug_frame   0x00000608       0x2c /usr/local/gcc-arm-none-eabi-4_9-2015q3/bin/../lib/gcc/arm-none-eabi/4.9.3/../../../../arm-none-eabi/lib/armv7e-m/libg_nano.a(lib_a-nano-freer.o)
 .debug_frame   0x00000634       0x2c /usr/local/gcc-arm-none-eabi-4_9-2015q3/bin/../lib/gcc/arm-none-eabi/4.9.3/../../../../arm-none-eabi/lib/armv7e-m/libg_nano.a(lib_a-nano-mallocr.o)
 .debug_frame   0x00000660       0x3c /usr/local/gcc-arm-none-eabi-4_9-2015q3/bin/../lib/gcc/arm-none-eabi/4.9.3/../../../../arm-none-eabi/lib/armv7e-m/libg_nano.a(lib_a-nano-reallocr.o)
 .debug_frame   0x0000069c       0x2c /usr/local/gcc-arm-none-eabi-4_9-2015q3/bin/../lib/gcc/arm-none-eabi/4.9.3/../../../../arm-none-eabi/lib/armv7e-m/libg_nano.a(lib_a-sbrkr.o)
 .debug_frame   0x000006c8       0x20 /usr/local/gcc-arm-none-eabi-4_9-2015q3/bin/../lib/gcc/arm-none-eabi/4.9.3/../../../../arm-none-eabi/lib/armv7e-m/libg_nano.a(lib_a-nano-msizer.o)

.debug_str      0x00000000     0xde7f
 *(.debug_str)
 .debug_str     0x00000000     0x5e34 ./system/src/newlib/_exit.o
                               0x5f9e (size before relaxing)
 .debug_str     0x00005e34      0x4de ./system/src/newlib/_sbrk.o
                               0x53af (size before relaxing)
 .debug_str     0x00006312      0xbc5 ./system/src/newlib/_startup.o
                               0x4f87 (size before relaxing)
 .debug_str     0x00006ed7     0x11b1 ./system/src/newlib/_syscalls.o
                               0x65a2 (size before relaxing)
 .debug_str     0x00008088      0x9c9 ./system/src/diag/Trace.o
                               0x68bf (size before relaxing)
 .debug_str     0x00008a51     0x492c ./system/src/diag/trace_impl.o
                               0xa601 (size before relaxing)
 .debug_str     0x0000d37d       0xb3 ./system/src/cortexm/_initialize_hardware.o
                               0x7966 (size before relaxing)
 .debug_str     0x0000d430      0x1e5 ./system/src/cortexm/exception_handlers.o
                               0xb43c (size before relaxing)
 .debug_str     0x0000d615       0x8e ./system/src/cmsis/system_DEVICE.o
                               0x7914 (size before relaxing)
 .debug_str     0x0000d6a3       0x54 ./system/src/cmsis/vectors_DEVICE.o
                               0x2ffa (size before relaxing)
 .debug_str     0x0000d6f7      0x49a ./src/Timer.o
                               0x7b67 (size before relaxing)
 .debug_str     0x0000db91      0x2ee ./src/main.o
                               0xc056 (size before relaxing)

.debug_loc      0x00000000      0x681
 *(.debug_loc)
 .debug_loc     0x00000000       0x82 ./system/src/newlib/_sbrk.o
 .debug_loc     0x00000082      0x265 ./system/src/newlib/_startup.o
 .debug_loc     0x000002e7       0x63 ./system/src/newlib/_syscalls.o
 .debug_loc     0x0000034a       0xf7 ./system/src/diag/Trace.o
 .debug_loc     0x00000441       0x21 ./system/src/diag/trace_impl.o
 .debug_loc     0x00000462      0x184 ./system/src/cortexm/exception_handlers.o
 .debug_loc     0x000005e6       0x9b ./src/main.o

.debug_macinfo
 *(.debug_macinfo)

.debug_weaknames
 *(.debug_weaknames)

.debug_funcnames
 *(.debug_funcnames)

.debug_typenames
 *(.debug_typenames)

.debug_varnames
 *(.debug_varnames)
OUTPUT(NewRobo.elf elf32-littlearm)

.debug_ranges   0x00000000      0x1c8
 .debug_ranges  0x00000000       0x18 ./system/src/newlib/_exit.o
 .debug_ranges  0x00000018       0x10 ./system/src/newlib/_sbrk.o
 .debug_ranges  0x00000028       0x48 ./system/src/newlib/_startup.o
 .debug_ranges  0x00000070       0x20 ./system/src/newlib/_syscalls.o
 .debug_ranges  0x00000090       0x28 ./system/src/diag/Trace.o
 .debug_ranges  0x000000b8       0x18 ./system/src/diag/trace_impl.o
 .debug_ranges  0x000000d0       0x18 ./system/src/cortexm/_initialize_hardware.o
 .debug_ranges  0x000000e8       0x78 ./system/src/cortexm/exception_handlers.o
 .debug_ranges  0x00000160       0x18 ./system/src/cmsis/system_DEVICE.o
 .debug_ranges  0x00000178       0x10 ./system/src/cmsis/vectors_DEVICE.o
 .debug_ranges  0x00000188       0x18 ./src/Timer.o
 .debug_ranges  0x000001a0       0x28 ./src/main.o

.debug_macro    0x00000000     0x46c1
 .debug_macro   0x00000000      0x131 ./system/src/newlib/_exit.o
 .debug_macro   0x00000131      0x87a ./system/src/newlib/_exit.o
 .debug_macro   0x000009ab       0x9c ./system/src/newlib/_exit.o
 .debug_macro   0x00000a47      0x10e ./system/src/newlib/_exit.o
 .debug_macro   0x00000b55       0x86 ./system/src/newlib/_exit.o
 .debug_macro   0x00000bdb       0x43 ./system/src/newlib/_exit.o
 .debug_macro   0x00000c1e      0x27a ./system/src/newlib/_exit.o
 .debug_macro   0x00000e98       0x35 ./system/src/newlib/_exit.o
 .debug_macro   0x00000ecd       0xed ./system/src/newlib/_sbrk.o
 .debug_macro   0x00000fba      0x16d ./system/src/newlib/_sbrk.o
 .debug_macro   0x00001127       0x10 ./system/src/newlib/_sbrk.o
 .debug_macro   0x00001137      0x23b ./system/src/newlib/_sbrk.o
 .debug_macro   0x00001372       0xf7 ./system/src/newlib/_startup.o
 .debug_macro   0x00001469      0x34e ./system/src/newlib/_startup.o
 .debug_macro   0x000017b7      0x1ad ./system/src/newlib/_syscalls.o
 .debug_macro   0x00001964       0x1c ./system/src/newlib/_syscalls.o
 .debug_macro   0x00001980       0x10 ./system/src/newlib/_syscalls.o
 .debug_macro   0x00001990       0x10 ./system/src/newlib/_syscalls.o
 .debug_macro   0x000019a0       0x10 ./system/src/newlib/_syscalls.o
 .debug_macro   0x000019b0       0x10 ./system/src/newlib/_syscalls.o
 .debug_macro   0x000019c0       0x35 ./system/src/newlib/_syscalls.o
 .debug_macro   0x000019f5      0x122 ./system/src/newlib/_syscalls.o
 .debug_macro   0x00001b17       0x2e ./system/src/newlib/_syscalls.o
 .debug_macro   0x00001b45       0x82 ./system/src/newlib/_syscalls.o
 .debug_macro   0x00001bc7       0x2b ./system/src/newlib/_syscalls.o
 .debug_macro   0x00001bf2      0x118 ./system/src/newlib/_syscalls.o
 .debug_macro   0x00001d0a      0x159 ./system/src/newlib/_syscalls.o
 .debug_macro   0x00001e63       0x16 ./system/src/newlib/_syscalls.o
 .debug_macro   0x00001e79      0x15e ./system/src/diag/Trace.o
 .debug_macro   0x00001fd7       0x16 ./system/src/diag/Trace.o
 .debug_macro   0x00001fed       0x97 ./system/src/diag/Trace.o
 .debug_macro   0x00002084       0xf6 ./system/src/diag/Trace.o
 .debug_macro   0x0000217a       0x10 ./system/src/diag/Trace.o
 .debug_macro   0x0000218a       0x16 ./system/src/diag/Trace.o
 .debug_macro   0x000021a0      0x197 ./system/src/diag/Trace.o
 .debug_macro   0x00002337       0x52 ./system/src/diag/Trace.o
 .debug_macro   0x00002389       0x16 ./system/src/diag/Trace.o
 .debug_macro   0x0000239f      0x168 ./system/src/diag/trace_impl.o
 .debug_macro   0x00002507       0x2b ./system/src/diag/trace_impl.o
 .debug_macro   0x00002532       0x35 ./system/src/diag/trace_impl.o
 .debug_macro   0x00002567       0x50 ./system/src/diag/trace_impl.o
 .debug_macro   0x000025b7      0xbc6 ./system/src/diag/trace_impl.o
 .debug_macro   0x0000317d       0x43 ./system/src/diag/trace_impl.o
 .debug_macro   0x000031c0       0x10 ./system/src/diag/trace_impl.o
 .debug_macro   0x000031d0       0xc8 ./system/src/diag/trace_impl.o
 .debug_macro   0x00003298       0x19 ./system/src/diag/trace_impl.o
 .debug_macro   0x000032b1       0xbe ./system/src/diag/trace_impl.o
 .debug_macro   0x0000336f       0x86 ./system/src/cortexm/_initialize_hardware.o
 .debug_macro   0x000033f5      0x1af ./system/src/cortexm/exception_handlers.o
 .debug_macro   0x000035a4       0x3b ./system/src/cortexm/exception_handlers.o
 .debug_macro   0x000035df       0x22 ./system/src/cortexm/exception_handlers.o
 .debug_macro   0x00003601       0x10 ./system/src/cortexm/exception_handlers.o
 .debug_macro   0x00003611       0x8e ./system/src/cmsis/system_DEVICE.o
 .debug_macro   0x0000369f       0x34 ./system/src/cmsis/vectors_DEVICE.o
 .debug_macro   0x000036d3       0x99 ./src/Timer.o
 .debug_macro   0x0000376c      0xbc6 ./src/Timer.o
 .debug_macro   0x00004332       0x10 ./src/Timer.o
 .debug_macro   0x00004342      0x1eb ./src/main.o
 .debug_macro   0x0000452d       0x97 ./src/main.o
 .debug_macro   0x000045c4       0xfd ./src/main.o
